2026-04-06 10:06:58, MOVE, v:1, k:ed@treinando, mode:PICK
2026-04-06 10:07:12, MOVE, v:1, k:ed@treinando, mode:BACK
2026-04-06 10:11:52, MOVE, v:1, k:ed@treinando, mode:PICK
2026-04-06 10:11:53, EXEC, v:1, k:ed@treinando, mode:FULL, rate:83
2026-04-06 10:18:20, MOVE, v:1, k:ed@treinando, mode:BACK
2026-04-06 10:18:55, MOVE, v:1, k:ed@queimada, mode:DOWN
2026-04-06 10:19:04, MOVE, v:1, k:ed@queimada, mode:PICK
2026-04-06 10:38:07, MOVE, v:1, k:ed@treinando, mode:PICK
2026-04-06 10:38:08, EXEC, v:1, k:ed@treinando, mode:FULL, rate:83
2026-04-06 10:41:15, EXEC, v:1, k:ed@treinando, mode:FULL, rate:100, size:162
2026-04-06 10:44:42, MOVE, v:1, k:ed@treinando, mode:BACK
2026-04-06 10:45:18, MOVE, v:1, k:ed@vetequals, mode:PICK
2026-04-06 10:45:45, MOVE, v:1, k:ed@vetequals, mode:BACK
2026-04-06 10:46:21, MOVE, v:1, k:ed@fractais, mode:DOWN
2026-04-06 10:46:29, MOVE, v:1, k:ed@fractais, mode:PICK
2026-04-06 10:47:40, MOVE, v:1, k:ed@fractais, mode:BACK
2026-04-06 10:48:38, MOVE, v:1, k:ed@escada, mode:DOWN
2026-04-06 10:48:47, MOVE, v:1, k:ed@escada, mode:PICK
2026-04-06 12:13:22, MOVE, v:1, k:ed@queimada, mode:PICK
2026-04-06 12:32:39, EXEC, v:1, k:ed@queimada, mode:FULL, size:47, fail:COMP
2026-04-06 12:33:06, EXEC, v:1, k:ed@queimada, mode:FULL, rate:14, size:47
2026-04-06 12:34:18, EXEC, v:1, k:ed@queimada, mode:FULL, size:47, fail:COMP
2026-04-06 12:34:48, EXEC, v:1, k:ed@queimada, mode:FULL, rate:0, size:47
2026-04-06 12:35:06, EXEC, v:1, k:ed@queimada, mode:FULL, rate:14, size:47
2026-04-06 12:37:39, EXEC, v:1, k:ed@queimada, mode:FULL, rate:14, size:51
2026-04-06 12:39:12, EXEC, v:1, k:ed@queimada, mode:FULL, rate:0, size:53
2026-04-06 12:39:43, EXEC, v:1, k:ed@queimada, mode:FULL, rate:14, size:53
2026-04-06 12:43:07, EXEC, v:1, k:ed@queimada, mode:FULL, rate:0, size:63
2026-04-06 12:43:26, EXEC, v:1, k:ed@queimada, mode:FULL, rate:0, size:63
2026-04-06 12:43:30, MOVE, v:1, k:ed@queimada, mode:BACK
2026-04-06 12:43:32, MOVE, v:1, k:ed@queimada, mode:PICK
2026-04-06 12:43:33, EXEC, v:1, k:ed@queimada, mode:FULL, rate:0
2026-04-06 12:43:48, EXEC, v:1, k:ed@queimada, mode:FULL, rate:14, size:63
2026-04-06 12:44:32, EXEC, v:1, k:ed@queimada, mode:FULL, rate:14, size:67
2026-04-06 12:45:51, EXEC, v:1, k:ed@queimada, mode:FULL, rate:0, size:67
2026-04-06 12:47:04, EXEC, v:1, k:ed@queimada, mode:FULL, rate:0, size:70
2026-04-06 12:48:51, EXEC, v:1, k:ed@queimada, mode:FULL, rate:14, size:72
2026-04-06 12:50:23, EXEC, v:1, k:ed@queimada, mode:FULL, rate:14, size:76
2026-04-06 12:50:35, EXEC, v:1, k:ed@queimada, mode:FULL, rate:14, size:76
2026-04-06 12:51:06, EXEC, v:1, k:ed@queimada, mode:FULL, rate:14, size:76
2026-04-06 12:51:23, EXEC, v:1, k:ed@queimada, mode:FULL, rate:14, size:78
2026-04-06 12:56:08, EXEC, v:1, k:ed@queimada, mode:FULL, rate:100, size:83
2026-04-06 13:05:04, EXEC, v:1, k:ed@queimada, mode:FULL, rate:100, size:73
2026-04-06 13:05:09, MOVE, v:1, k:ed@queimada, mode:BACK
2026-04-06 13:05:13, MOVE, v:1, k:ed@labirinto, mode:PICK
2026-04-06 13:07:35, MOVE, v:1, k:ed@labirinto, mode:BACK
2026-04-06 13:07:59, MOVE, v:1, k:ed@gomos, mode:PICK
2026-04-06 13:08:01, MOVE, v:1, k:ed@gomos, mode:BACK
2026-04-06 13:08:06, MOVE, v:1, k:ed@gomos, mode:PICK
2026-04-06 13:41:12, MOVE, v:1, k:ed@gomos, mode:BACK
2026-04-06 13:41:39, MOVE, v:1, k:ed@labirinto, mode:PICK
2026-04-06 13:49:01, MOVE, v:1, k:ed@labirinto, mode:BACK
2026-04-06 13:49:04, MOVE, v:1, k:ed@queimada, mode:PICK
2026-04-06 13:52:36, MOVE, v:1, k:ed@queimada, mode:BACK
2026-04-06 13:52:38, MOVE, v:1, k:ed@labirinto, mode:PICK
2026-04-06 14:37:48, EXEC, v:1, k:ed@labirinto, mode:FULL, size:87, fail:COMP
2026-04-06 14:51:51, EXEC, v:1, k:ed@labirinto, mode:FULL, size:87, fail:COMP
2026-04-06 14:52:19, EXEC, v:1, k:ed@labirinto, mode:FULL, size:88, fail:COMP
2026-04-06 14:53:07, EXEC, v:1, k:ed@labirinto, mode:FULL, rate:0, size:86
2026-04-06 14:54:56, EXEC, v:1, k:ed@labirinto, mode:FULL, rate:100, size:85
