2026-05-08 14:45:25, MOVE, v:1, k:ed@lista_d1, mode:DOWN
2026-05-08 14:45:40, MOVE, v:1, k:ed@lista_d1, mode:PICK
2026-05-08 14:48:14, MOVE, v:1, k:ed@lista_d1, mode:BACK
2026-05-08 14:50:00, MOVE, v:1, k:ed@iterador, mode:PICK
2026-05-08 14:54:14, EXEC, v:1, k:ed@iterador, mode:FULL, rate:33, size:82
2026-05-08 14:54:16, EXEC, v:1, k:ed@iterador, mode:FREE
2026-05-08 14:54:46, MOVE, v:1, k:ed@iterador, mode:EDIT
2026-05-08 14:55:30, MOVE, v:1, k:ed@iterador, mode:EDIT
2026-05-08 17:41:35, MOVE, v:1, k:ed@iterador, mode:EDIT
2026-05-08 17:49:04, MOVE, v:1, k:ed@iterador, mode:EDIT
2026-05-08 18:14:54, MOVE, v:1, k:ed@iterador, mode:EDIT
2026-05-08 18:24:01, MOVE, v:1, k:ed@iterador, mode:EDIT
2026-05-08 18:29:15, MOVE, v:1, k:ed@iterador, mode:EDIT
2026-05-08 18:45:23, MOVE, v:1, k:ed@iterador, mode:PICK
2026-05-08 18:45:24, EXEC, v:1, k:ed@iterador, mode:FREE, size:120
2026-05-08 18:45:40, EXEC, v:1, k:ed@iterador, mode:FREE
2026-05-08 18:49:50, MOVE, v:1, k:ed@iterador, mode:EDIT
2026-05-08 18:55:09, MOVE, v:1, k:ed@iterador, mode:EDIT
2026-05-08 18:57:00, MOVE, v:1, k:ed@iterador, mode:EDIT
2026-05-08 19:03:12, MOVE, v:1, k:ed@iterador, mode:EDIT
2026-05-08 19:10:11, MOVE, v:1, k:ed@iterador, mode:EDIT
2026-05-08 19:15:19, EXEC, v:1, k:ed@iterador, mode:FULL, rate:100, size:141
2026-05-08 19:15:04, MOVE, v:1, k:ed@iterador, mode:EDIT
2026-05-08 19:15:20, MOVE, v:1, k:ed@iterador, mode:BACK
2026-05-08 19:16:13, SELF, v:1, k:ed@iterador, self:1, rate:100, study:60, concept:1, problem:1
