2026-04-03 08:11:32, MOVE, v:1, k:ed@mdc, mode:PICK
2026-04-03 08:46:05, EXEC, v:1, k:ed@mdc, mode:FULL, rate:0, size:52
2026-04-03 08:46:19, EXEC, v:1, k:ed@mdc, mode:FULL, rate:100, size:52
2026-04-03 08:47:39, MOVE, v:1, k:ed@mdc, mode:BACK
2026-04-03 08:48:11, MOVE, v:1, k:ed@treinando, mode:DOWN
2026-04-03 08:48:13, MOVE, v:1, k:ed@treinando, mode:PICK
2026-04-03 08:55:30, EXEC, v:1, k:ed@treinando, mode:FULL, size:92, fail:COMP
2026-04-03 08:55:49, EXEC, v:1, k:ed@treinando, mode:FULL, size:92, fail:COMP
2026-04-03 08:55:55, EXEC, v:1, k:ed@treinando, mode:FULL, rate:0, size:92
2026-04-03 08:57:44, EXEC, v:1, k:ed@treinando, mode:FULL, rate:0, size:91
2026-04-03 09:33:17, MOVE, v:1, k:ed@treinando, mode:BACK
2026-04-03 09:33:47, MOVE, v:1, k:ed@treinando, mode:PICK
2026-04-03 09:34:58, EXEC, v:1, k:ed@treinando, mode:FULL, size:107, fail:COMP
2026-04-03 09:35:08, EXEC, v:1, k:ed@treinando, mode:FULL, rate:0, size:107
2026-04-03 09:35:22, EXEC, v:1, k:ed@treinando, mode:FULL, rate:0, size:107
2026-04-03 09:36:54, EXEC, v:1, k:ed@treinando, mode:FULL, size:110, fail:COMP
2026-04-03 09:37:07, EXEC, v:1, k:ed@treinando, mode:FULL, rate:0, size:110
2026-04-03 09:37:41, EXEC, v:1, k:ed@treinando, mode:FULL, rate:0, size:112
2026-04-03 09:38:32, EXEC, v:1, k:ed@treinando, mode:FULL, rate:0, size:116
2026-04-03 09:40:27, EXEC, v:1, k:ed@treinando, mode:FULL, size:121, fail:COMP
2026-04-03 09:40:48, EXEC, v:1, k:ed@treinando, mode:FULL, rate:0, size:121
2026-04-03 09:43:31, MOVE, v:1, k:ed@treinando, mode:BACK
2026-04-03 09:56:33, MOVE, v:1, k:ed@triangulo, mode:PICK
2026-04-03 09:59:04, MOVE, v:1, k:ed@triangulo, mode:BACK
2026-04-03 09:59:07, MOVE, v:1, k:ed@treinando, mode:PICK
2026-04-03 19:32:30, MOVE, v:1, k:ed@treinando, mode:PICK
2026-04-03 19:34:35, EXEC, v:1, k:ed@treinando, mode:FULL, size:129, fail:COMP
2026-04-03 19:34:53, EXEC, v:1, k:ed@treinando, mode:FULL, size:129, fail:COMP
2026-04-03 19:37:54, EXEC, v:1, k:ed@treinando, mode:FULL, size:137, fail:COMP
2026-04-03 19:38:04, EXEC, v:1, k:ed@treinando, mode:FULL, rate:0, size:138
2026-04-03 19:38:38, EXEC, v:1, k:ed@treinando, mode:FULL, rate:0, size:138
2026-04-03 19:44:23, EXEC, v:1, k:ed@treinando, mode:FULL, size:149, fail:COMP
2026-04-03 19:44:42, EXEC, v:1, k:ed@treinando, mode:FULL, rate:0, size:150
2026-04-03 19:46:06, EXEC, v:1, k:ed@treinando, mode:FULL, rate:0, size:150
2026-04-03 19:47:13, EXEC, v:1, k:ed@treinando, mode:FULL, rate:0, size:154
2026-04-03 19:47:36, EXEC, v:1, k:ed@treinando, mode:FULL, rate:0, size:154
2026-04-03 19:56:34, EXEC, v:1, k:ed@treinando, mode:FULL, size:155, fail:COMP
2026-04-03 19:56:43, EXEC, v:1, k:ed@treinando, mode:FULL, rate:0, size:155
2026-04-03 20:03:17, EXEC, v:1, k:ed@treinando, mode:FULL, rate:0, size:156
2026-04-03 20:04:43, EXEC, v:1, k:ed@treinando, mode:FULL, size:157, fail:COMP
2026-04-03 20:04:54, EXEC, v:1, k:ed@treinando, mode:FULL, rate:0, size:157
2026-04-03 20:06:27, EXEC, v:1, k:ed@treinando, mode:FULL, size:157, fail:COMP
2026-04-03 20:06:36, EXEC, v:1, k:ed@treinando, mode:FULL, rate:0, size:158
2026-04-03 20:07:45, EXEC, v:1, k:ed@treinando, mode:FULL, rate:0, size:158
2026-04-03 20:09:03, EXEC, v:1, k:ed@treinando, mode:FULL, size:158, fail:COMP
2026-04-03 20:09:25, EXEC, v:1, k:ed@treinando, mode:FULL, size:158, fail:COMP
2026-04-03 20:09:39, EXEC, v:1, k:ed@treinando, mode:FULL, rate:0, size:158
2026-04-03 20:10:31, EXEC, v:1, k:ed@treinando, mode:FULL, rate:0, size:158
2026-04-03 20:11:08, EXEC, v:1, k:ed@treinando, mode:FULL, rate:0, size:158
2026-04-03 20:19:56, EXEC, v:1, k:ed@treinando, mode:FULL, rate:0, size:174
2026-04-03 20:24:38, EXEC, v:1, k:ed@treinando, mode:FULL, size:175, fail:COMP
2026-04-03 20:24:48, EXEC, v:1, k:ed@treinando, mode:FULL, rate:0, size:175
2026-04-03 20:25:10, EXEC, v:1, k:ed@treinando, mode:FULL, rate:0, size:175
2026-04-03 20:25:22, MOVE, v:1, k:ed@treinando, mode:PICK
2026-04-03 20:25:25, EXEC, v:1, k:ed@treinando, mode:FULL, rate:0
2026-04-03 20:30:16, EXEC, v:1, k:ed@treinando, mode:FULL, size:177, fail:COMP
2026-04-03 20:30:39, EXEC, v:1, k:ed@treinando, mode:FULL, rate:0, size:177
2026-04-03 20:32:21, EXEC, v:1, k:ed@treinando, mode:FULL, size:177, fail:COMP
2026-04-03 20:32:27, EXEC, v:1, k:ed@treinando, mode:FULL, rate:0, size:177
2026-04-03 20:32:46, EXEC, v:1, k:ed@treinando, mode:FULL, rate:0, size:177
2026-04-03 20:38:17, EXEC, v:1, k:ed@treinando, mode:FULL, size:176, fail:COMP
2026-04-03 20:38:28, EXEC, v:1, k:ed@treinando, mode:FULL, size:176, fail:COMP
2026-04-03 20:41:08, EXEC, v:1, k:ed@treinando, mode:FULL, size:180, fail:COMP
2026-04-03 20:41:17, EXEC, v:1, k:ed@treinando, mode:FULL, size:180, fail:COMP
2026-04-03 20:42:16, EXEC, v:1, k:ed@treinando, mode:FULL, size:183, fail:COMP
2026-04-03 20:42:42, EXEC, v:1, k:ed@treinando, mode:FULL, rate:0, size:183
2026-04-03 20:42:53, EXEC, v:1, k:ed@treinando, mode:FULL, rate:0, size:183
2026-04-03 20:44:39, EXEC, v:1, k:ed@treinando, mode:FULL, size:180, fail:COMP
2026-04-03 20:44:57, EXEC, v:1, k:ed@treinando, mode:FULL, rate:0, size:180
2026-04-03 20:45:36, EXEC, v:1, k:ed@treinando, mode:FULL, size:180, fail:COMP
2026-04-03 20:45:45, EXEC, v:1, k:ed@treinando, mode:FULL, rate:0, size:180
2026-04-03 20:46:47, EXEC, v:1, k:ed@treinando, mode:FULL, rate:0, size:180
2026-04-03 20:47:08, EXEC, v:1, k:ed@treinando, mode:FULL, rate:0, size:180
2026-04-03 20:48:25, EXEC, v:1, k:ed@treinando, mode:FULL, rate:16, size:180
2026-04-03 20:51:35, EXEC, v:1, k:ed@treinando, mode:FULL, rate:16, size:176
2026-04-03 20:52:10, EXEC, v:1, k:ed@treinando, mode:FULL, rate:16, size:176
2026-04-03 20:52:35, EXEC, v:1, k:ed@treinando, mode:FULL, rate:33, size:176
2026-04-03 20:52:42, EXEC, v:1, k:ed@treinando, mode:FULL, rate:33, size:176
2026-04-03 20:52:42, EXEC, v:1, k:ed@treinando, mode:FULL, rate:33, size:176
2026-04-03 20:53:28, EXEC, v:1, k:ed@treinando, mode:FULL, rate:33, size:176
2026-04-03 20:53:45, EXEC, v:1, k:ed@treinando, mode:FULL, rate:33, size:176
2026-04-03 20:54:38, EXEC, v:1, k:ed@treinando, mode:FULL, rate:33, size:176
2026-04-03 20:55:24, EXEC, v:1, k:ed@treinando, mode:FULL, rate:33, size:176
2026-04-03 20:55:36, EXEC, v:1, k:ed@treinando, mode:FULL, rate:33, size:176
2026-04-03 20:56:22, EXEC, v:1, k:ed@treinando, mode:FULL, rate:50, size:176
2026-04-03 21:03:13, EXEC, v:1, k:ed@treinando, mode:FULL, size:177, fail:COMP
2026-04-03 21:03:19, EXEC, v:1, k:ed@treinando, mode:FULL, rate:50, size:177
2026-04-03 21:14:04, EXEC, v:1, k:ed@treinando, mode:FULL, size:179, fail:COMP
2026-04-03 21:14:14, EXEC, v:1, k:ed@treinando, mode:FULL, size:179, fail:COMP
2026-04-03 21:15:09, EXEC, v:1, k:ed@treinando, mode:FULL, rate:50, size:179
2026-04-03 21:38:00, EXEC, v:1, k:ed@treinando, mode:FULL, size:179, fail:COMP
2026-04-03 21:39:25, EXEC, v:1, k:ed@treinando, mode:FULL, rate:66, size:179
2026-04-03 22:04:06, MOVE, v:1, k:ed@treinando, mode:BACK
2026-04-03 22:59:15, MOVE, v:1, k:ed@triangulo, mode:PICK
2026-04-03 23:32:42, EXEC, v:1, k:ed@triangulo, mode:FULL, size:57, fail:COMP
2026-04-03 23:32:58, EXEC, v:1, k:ed@triangulo, mode:FULL, rate:0, size:57
2026-04-03 23:47:51, EXEC, v:1, k:ed@triangulo, mode:FULL, size:58, fail:COMP
2026-04-03 23:48:04, EXEC, v:1, k:ed@triangulo, mode:FULL, rate:0, size:58
2026-04-03 23:49:55, EXEC, v:1, k:ed@triangulo, mode:FULL, rate:0, size:57
2026-04-03 23:50:03, EXEC, v:1, k:ed@triangulo, mode:FULL, rate:0, size:57
2026-04-03 23:50:17, EXEC, v:1, k:ed@triangulo, mode:FULL, rate:0, size:57
2026-04-03 23:51:42, EXEC, v:1, k:ed@triangulo, mode:FULL, rate:0, size:58
2026-04-03 23:53:01, EXEC, v:1, k:ed@triangulo, mode:FULL, rate:0, size:58
2026-04-03 23:53:39, EXEC, v:1, k:ed@triangulo, mode:FULL, size:59, fail:COMP
2026-04-03 23:53:44, EXEC, v:1, k:ed@triangulo, mode:FULL, rate:0, size:58
2026-04-03 23:54:26, EXEC, v:1, k:ed@triangulo, mode:FULL, rate:0, size:58
2026-04-03 23:55:40, EXEC, v:1, k:ed@triangulo, mode:FULL, size:58, fail:COMP
2026-04-03 23:55:48, EXEC, v:1, k:ed@triangulo, mode:FULL, rate:0, size:58
2026-04-03 23:57:04, EXEC, v:1, k:ed@triangulo, mode:FULL, rate:0, size:58
2026-04-03 23:58:10, EXEC, v:1, k:ed@triangulo, mode:FULL, rate:0, size:55
