2026-04-02 08:06:40, MOVE, v:1, k:ed@especiais, mode:PICK
2026-04-02 08:15:44, EXEC, v:1, k:ed@especiais, mode:FULL, size:320, fail:COMP
2026-04-02 08:15:54, EXEC, v:1, k:ed@especiais, mode:FULL, size:320, fail:COMP
2026-04-02 08:16:16, EXEC, v:1, k:ed@especiais, mode:FULL, rate:37, size:320
2026-04-02 08:27:08, EXEC, v:1, k:ed@especiais, mode:FREE, size:315
2026-04-02 08:27:32, EXEC, v:1, k:ed@especiais, mode:FREE
2026-04-02 08:27:57, EXEC, v:1, k:ed@especiais, mode:FULL, rate:37
2026-04-02 08:28:27, EXEC, v:1, k:ed@especiais, mode:FULL, rate:37, size:315
2026-04-02 08:38:00, EXEC, v:1, k:ed@especiais, mode:FULL, rate:50, size:315
2026-04-02 09:03:18, EXEC, v:1, k:ed@especiais, mode:FULL, rate:62, size:330
2026-04-02 09:07:01, EXEC, v:1, k:ed@especiais, mode:FULL, size:335, fail:COMP
2026-04-02 09:07:06, EXEC, v:1, k:ed@especiais, mode:FULL, rate:62, size:335
2026-04-02 16:06:21, MOVE, v:1, k:ed@eh_primo, mode:DOWN
2026-04-02 16:06:31, MOVE, v:1, k:ed@eh_primo, mode:PICK
2026-04-02 16:09:13, EXEC, v:1, k:ed@eh_primo, mode:FULL, rate:22, size:25
2026-04-02 16:09:38, EXEC, v:1, k:ed@eh_primo, mode:FULL, rate:55, size:25
2026-04-02 16:10:10, EXEC, v:1, k:ed@eh_primo, mode:FULL, rate:22, size:25
2026-04-02 16:11:11, EXEC, v:1, k:ed@eh_primo, mode:FULL, rate:22, size:25
2026-04-02 16:13:03, EXEC, v:1, k:ed@eh_primo, mode:FULL, rate:55, size:25
2026-04-02 16:13:09, EXEC, v:1, k:ed@eh_primo, mode:FULL, rate:77, size:25
2026-04-02 16:14:07, EXEC, v:1, k:ed@eh_primo, mode:FULL, rate:44, size:25
2026-04-02 16:14:42, EXEC, v:1, k:ed@eh_primo, mode:FULL, rate:22, size:25
2026-04-02 16:15:14, EXEC, v:1, k:ed@eh_primo, mode:FULL, rate:77, size:25
2026-04-02 16:20:03, EXEC, v:1, k:ed@eh_primo, mode:FULL, size:29, fail:COMP
2026-04-02 16:20:18, EXEC, v:1, k:ed@eh_primo, mode:FULL, size:29, fail:COMP
2026-04-02 16:20:29, EXEC, v:1, k:ed@eh_primo, mode:FULL, rate:77, size:29
2026-04-02 16:20:54, EXEC, v:1, k:ed@eh_primo, mode:FULL, rate:88, size:29
2026-04-02 16:22:20, EXEC, v:1, k:ed@eh_primo, mode:FULL, rate:100, size:32
2026-04-02 16:59:38, EXEC, v:1, k:ed@eh_primo, mode:FULL, size:49, fail:COMP
2026-04-02 16:59:51, EXEC, v:1, k:ed@eh_primo, mode:FULL, rate:55, size:49
2026-04-02 17:01:08, EXEC, v:1, k:ed@eh_primo, mode:FULL, rate:0, size:49
2026-04-02 17:02:15, EXEC, v:1, k:ed@eh_primo, mode:FULL, rate:55, size:49
2026-04-02 17:03:16, EXEC, v:1, k:ed@eh_primo, mode:FULL, rate:0, size:49
2026-04-02 17:03:59, EXEC, v:1, k:ed@eh_primo, mode:FULL, rate:0, size:49
2026-04-02 17:04:18, EXEC, v:1, k:ed@eh_primo, mode:FULL, rate:55, size:49
2026-04-02 17:06:48, EXEC, v:1, k:ed@eh_primo, mode:FULL, rate:0, size:49
2026-04-02 17:07:34, EXEC, v:1, k:ed@eh_primo, mode:FULL, rate:55, size:55
2026-04-02 17:08:32, EXEC, v:1, k:ed@eh_primo, mode:FULL, rate:88, size:57
2026-04-02 17:10:12, EXEC, v:1, k:ed@eh_primo, mode:FULL, rate:55, size:54
2026-04-02 17:11:51, EXEC, v:1, k:ed@eh_primo, mode:FULL, rate:33, size:54
2026-04-02 17:13:05, EXEC, v:1, k:ed@eh_primo, mode:FULL, rate:88, size:54
2026-04-02 17:13:31, EXEC, v:1, k:ed@eh_primo, mode:FULL, rate:55, size:56
2026-04-02 17:14:21, EXEC, v:1, k:ed@eh_primo, mode:FULL, rate:55
2026-04-02 17:15:22, EXEC, v:1, k:ed@eh_primo, mode:FULL, rate:88, size:58
2026-04-02 17:15:50, EXEC, v:1, k:ed@eh_primo, mode:FULL, rate:77, size:57
2026-04-02 17:16:01, MOVE, v:1, k:ed@eh_primo, mode:PICK
2026-04-02 17:16:03, EXEC, v:1, k:ed@eh_primo, mode:FULL, rate:77
2026-04-02 17:16:16, EXEC, v:1, k:ed@eh_primo, mode:FULL, rate:88, size:55
2026-04-02 17:17:42, EXEC, v:1, k:ed@eh_primo, mode:FULL, rate:22, size:55
2026-04-02 17:17:47, EXEC, v:1, k:ed@eh_primo, mode:FULL, rate:88, size:55
2026-04-02 17:21:04, EXEC, v:1, k:ed@eh_primo, mode:FULL, rate:100, size:55
2026-04-02 17:22:42, EXEC, v:1, k:ed@eh_primo, mode:FULL, rate:100, size:57
2026-04-02 17:23:21, EXEC, v:1, k:ed@eh_primo, mode:FULL, rate:100, size:57
2026-04-02 17:26:39, MOVE, v:1, k:ed@eh_primo, mode:BACK
2026-04-02 17:26:59, MOVE, v:1, k:ed@triangulo, mode:DOWN
2026-04-02 17:27:04, MOVE, v:1, k:ed@triangulo, mode:PICK
2026-04-02 17:36:35, MOVE, v:1, k:ed@triangulo, mode:BACK
2026-04-02 17:36:39, MOVE, v:1, k:ed@resto, mode:PICK
2026-04-02 20:20:38, MOVE, v:1, k:ed@resto, mode:PICK
2026-04-02 20:21:27, EXEC, v:1, k:ed@resto, mode:FULL, rate:0, size:11
2026-04-02 20:28:37, EXEC, v:1, k:ed@resto, mode:FULL, size:23, fail:COMP
2026-04-02 20:29:21, EXEC, v:1, k:ed@resto, mode:FULL, size:24, fail:COMP
2026-04-02 20:29:31, EXEC, v:1, k:ed@resto, mode:FULL, rate:0, size:24
2026-04-02 20:31:13, EXEC, v:1, k:ed@resto, mode:FULL, rate:0, size:24
2026-04-02 20:32:20, EXEC, v:1, k:ed@resto, mode:FULL, rate:0, size:24
2026-04-02 20:32:31, EXEC, v:1, k:ed@resto, mode:FULL, rate:0, size:24
2026-04-02 20:32:42, EXEC, v:1, k:ed@resto, mode:FULL, rate:0, size:24
2026-04-02 20:34:01, EXEC, v:1, k:ed@resto, mode:FULL, size:24, fail:COMP
2026-04-02 20:34:11, EXEC, v:1, k:ed@resto, mode:FULL, size:24, fail:COMP
2026-04-02 20:34:19, EXEC, v:1, k:ed@resto, mode:FULL, size:24, fail:COMP
2026-04-02 20:34:36, EXEC, v:1, k:ed@resto, mode:FULL, rate:0, size:24
2026-04-02 20:35:19, EXEC, v:1, k:ed@resto, mode:FULL, rate:0, size:25
2026-04-02 20:35:49, EXEC, v:1, k:ed@resto, mode:FULL, rate:0, size:25
2026-04-02 20:35:55, EXEC, v:1, k:ed@resto, mode:FULL, rate:0, size:25
2026-04-02 20:37:57, EXEC, v:1, k:ed@resto, mode:FULL, rate:0, size:25
2026-04-02 20:38:06, EXEC, v:1, k:ed@resto, mode:FULL, rate:0, size:25
2026-04-02 20:38:13, EXEC, v:1, k:ed@resto, mode:FULL, rate:0, size:25
2026-04-02 20:39:23, EXEC, v:1, k:ed@resto, mode:FULL, rate:0
2026-04-02 20:43:07, EXEC, v:1, k:ed@resto, mode:FULL, size:28, fail:COMP
2026-04-02 20:43:17, EXEC, v:1, k:ed@resto, mode:FULL, rate:0, size:28
2026-04-02 20:43:31, EXEC, v:1, k:ed@resto, mode:FULL, rate:0, size:28
2026-04-02 20:45:03, EXEC, v:1, k:ed@resto, mode:FULL, rate:0, size:28
2026-04-02 20:46:38, EXEC, v:1, k:ed@resto, mode:FULL, size:33, fail:COMP
2026-04-02 20:46:57, EXEC, v:1, k:ed@resto, mode:FULL, rate:0, size:33
2026-04-02 20:47:19, EXEC, v:1, k:ed@resto, mode:FULL, rate:0, size:33
2026-04-02 20:48:15, EXEC, v:1, k:ed@resto, mode:FULL, size:33, fail:COMP
2026-04-02 20:48:20, EXEC, v:1, k:ed@resto, mode:FULL, rate:0, size:33
2026-04-02 20:48:57, EXEC, v:1, k:ed@resto, mode:FULL, rate:0, size:33
2026-04-02 21:32:19, MOVE, v:1, k:ed@resto, mode:BACK
2026-04-02 21:32:22, MOVE, v:1, k:ed@resto, mode:PICK
2026-04-02 21:32:26, MOVE, v:1, k:ed@resto, mode:BACK
2026-04-02 21:32:34, MOVE, v:1, k:ed@resto, mode:PICK
2026-04-02 21:34:35, EXEC, v:1, k:ed@resto, mode:FULL, size:37, fail:COMP
2026-04-02 21:41:15, EXEC, v:1, k:ed@resto, mode:FULL, size:28, fail:COMP
2026-04-02 21:41:32, EXEC, v:1, k:ed@resto, mode:FULL, size:29, fail:COMP
2026-04-02 21:42:19, EXEC, v:1, k:ed@resto, mode:FULL, size:29, fail:COMP
2026-04-02 21:44:47, EXEC, v:1, k:ed@resto, mode:FULL, size:30, fail:COMP
2026-04-02 21:45:37, EXEC, v:1, k:ed@resto, mode:FULL, size:32, fail:COMP
2026-04-02 21:46:04, EXEC, v:1, k:ed@resto, mode:FULL, rate:0, size:32
2026-04-02 21:46:15, EXEC, v:1, k:ed@resto, mode:FULL, rate:0, size:32
2026-04-02 21:49:21, EXEC, v:1, k:ed@resto, mode:FULL, rate:100, size:32
2026-04-02 21:49:35, MOVE, v:1, k:ed@resto, mode:BACK
2026-04-02 21:49:41, MOVE, v:1, k:ed@resto, mode:PICK
2026-04-02 21:49:42, EXEC, v:1, k:ed@resto, mode:FULL, rate:100
2026-04-02 21:49:42, MOVE, v:1, k:ed@resto, mode:BACK
2026-04-02 22:01:42, MOVE, v:1, k:ed@mdc, mode:DOWN
2026-04-02 22:01:51, MOVE, v:1, k:ed@mdc, mode:PICK
