2026-04-28 12:41:37, MOVE, v:1, k:ed@multiset, mode:EDIT
2026-04-28 12:41:56, MOVE, v:1, k:ed@bettersearch, mode:PICK
2026-04-28 12:42:07, MOVE, v:1, k:ed@bettersearch, mode:BACK
2026-04-28 12:42:17, MOVE, v:1, k:ed@setbuild, mode:PICK
2026-04-28 12:45:17, MOVE, v:1, k:ed@multiset, mode:EDIT
2026-04-28 12:47:56, EXEC, v:1, k:ed@setbuild, mode:FULL, rate:100
2026-04-28 12:47:58, MOVE, v:1, k:ed@setbuild, mode:BACK
2026-04-28 12:48:01, MOVE, v:1, k:ed@multiset, mode:PICK
2026-04-28 12:48:02, EXEC, v:1, k:ed@multiset, mode:FREE, size:115
2026-04-28 12:48:23, MOVE, v:1, k:ed@multiset, mode:EDIT
2026-04-28 12:52:35, MOVE, v:1, k:ed@multiset, mode:BACK
2026-04-28 12:52:38, MOVE, v:1, k:ed@setbuild, mode:PICK
2026-04-28 12:52:47, MOVE, v:1, k:ed@setbuild, mode:BACK
2026-04-28 12:52:48, MOVE, v:1, k:ed@setbuild, mode:PICK
2026-04-28 12:56:38, MOVE, v:1, k:ed@multiset, mode:EDIT
2026-04-28 12:58:29, MOVE, v:1, k:ed@setbuild, mode:BACK
2026-04-28 12:58:32, MOVE, v:1, k:ed@setbuild, mode:PICK
2026-04-28 12:57:28, MOVE, v:1, k:ed@multiset, mode:EDIT
2026-04-28 13:08:00, EXEC, v:1, k:ed@setbuild, mode:FREE
2026-04-28 13:08:47, MOVE, v:1, k:ed@setbuild, mode:BACK
2026-04-28 13:08:52, MOVE, v:1, k:ed@multiset, mode:PICK
2026-04-28 13:08:54, EXEC, v:1, k:ed@multiset, mode:FREE, size:127
2026-04-28 13:10:01, MOVE, v:1, k:ed@multiset, mode:BACK
2026-04-28 13:10:04, MOVE, v:1, k:ed@setbuild, mode:PICK
2026-04-28 13:10:23, MOVE, v:1, k:ed@setbuild, mode:BACK
2026-04-28 13:10:28, MOVE, v:1, k:ed@multiset, mode:PICK
2026-04-28 13:11:13, MOVE, v:1, k:ed@multiset, mode:EDIT
2026-04-28 13:12:24, MOVE, v:1, k:ed@multiset, mode:EDIT
2026-04-28 13:21:37, MOVE, v:1, k:ed@multiset, mode:EDIT
2026-04-28 13:26:24, MOVE, v:1, k:ed@multiset, mode:EDIT
2026-04-28 13:27:27, MOVE, v:1, k:ed@multiset, mode:EDIT
2026-04-28 13:49:09, EXEC, v:1, k:ed@multiset, mode:FREE, size:139
2026-04-28 13:49:21, EXEC, v:1, k:ed@multiset, mode:FREE
2026-04-28 13:53:50, MOVE, v:1, k:ed@multiset, mode:EDIT
2026-04-28 13:54:52, EXEC, v:1, k:ed@multiset, mode:FREE, size:153
2026-04-28 13:56:59, EXEC, v:1, k:ed@multiset, mode:FREE, size:153
2026-04-28 13:58:08, EXEC, v:1, k:ed@multiset, mode:FULL, rate:33
2026-04-28 13:55:44, MOVE, v:1, k:ed@multiset, mode:EDIT
2026-04-28 14:00:59, EXEC, v:1, k:ed@multiset, mode:FREE, size:166
2026-04-28 14:02:41, EXEC, v:1, k:ed@multiset, mode:FULL, rate:50, size:167
2026-04-28 14:03:47, MOVE, v:1, k:ed@multiset, mode:EDIT
2026-04-28 14:08:03, EXEC, v:1, k:ed@multiset, mode:FREE, size:168
2026-04-28 14:08:46, MOVE, v:1, k:ed@multiset, mode:EDIT
2026-04-28 14:13:43, MOVE, v:1, k:ed@multiset, mode:EDIT
2026-04-28 14:15:44, EXEC, v:1, k:ed@multiset, mode:FREE, size:177
2026-04-28 14:18:10, MOVE, v:1, k:ed@multiset, mode:EDIT
2026-04-28 14:23:15, MOVE, v:1, k:ed@multiset, mode:EDIT
2026-04-28 14:25:47, EXEC, v:1, k:ed@multiset, mode:FULL, rate:50, size:172
2026-04-28 14:26:17, EXEC, v:1, k:ed@multiset, mode:FULL, rate:50, size:172
2026-04-28 14:27:50, EXEC, v:1, k:ed@multiset, mode:FREE, size:172
2026-04-28 14:28:51, MOVE, v:1, k:ed@multiset, mode:EDIT
2026-04-28 14:30:18, EXEC, v:1, k:ed@multiset, mode:FREE, size:172
2026-04-28 14:31:35, EXEC, v:1, k:ed@multiset, mode:FULL, rate:50, size:172
2026-04-28 14:31:31, MOVE, v:1, k:ed@multiset, mode:EDIT
2026-04-28 14:34:54, EXEC, v:1, k:ed@multiset, mode:FULL, rate:66, size:186
2026-04-28 14:38:30, MOVE, v:1, k:ed@multiset, mode:EDIT
2026-04-28 14:40:21, EXEC, v:1, k:ed@multiset, mode:FREE, size:154
2026-04-28 14:41:12, MOVE, v:1, k:ed@multiset, mode:BACK
2026-04-28 14:41:14, MOVE, v:1, k:ed@multiset, mode:PICK
2026-04-28 14:41:16, EXEC, v:1, k:ed@multiset, mode:FREE
2026-04-28 14:42:24, EXEC, v:1, k:ed@multiset, mode:FULL, rate:66
2026-04-28 14:43:41, MOVE, v:1, k:ed@multiset, mode:EDIT
2026-04-28 14:47:53, MOVE, v:1, k:ed@multiset, mode:EDIT
2026-04-28 14:58:05, MOVE, v:1, k:ed@multiset, mode:BACK
2026-04-28 15:48:21, MOVE, v:1, k:ed@multiset, mode:PICK
2026-04-28 15:48:25, EXEC, v:1, k:ed@multiset, mode:FULL, rate:66, size:167
2026-04-28 15:55:38, MOVE, v:1, k:ed@multiset, mode:EDIT
2026-04-28 16:04:54, EXEC, v:1, k:ed@multiset, mode:FULL, size:169, fail:COMP
2026-04-28 16:05:05, EXEC, v:1, k:ed@multiset, mode:FULL, rate:83, size:169
2026-04-28 16:07:27, MOVE, v:1, k:ed@multiset, mode:EDIT
2026-04-28 16:13:11, MOVE, v:1, k:ed@multiset, mode:EDIT
2026-04-28 16:14:32, EXEC, v:1, k:ed@multiset, mode:FULL, size:193, fail:COMP
2026-04-28 16:15:30, EXEC, v:1, k:ed@multiset, mode:FULL, rate:83, size:191
2026-04-28 16:15:59, EXEC, v:1, k:ed@multiset, mode:FULL, rate:83, size:194
2026-04-28 16:16:15, MOVE, v:1, k:ed@multiset, mode:EDIT
2026-04-28 16:41:09, MOVE, v:1, k:ed@multiset, mode:EDIT
2026-04-28 19:44:03, SELF, v:1, k:ed@vetbuild, self:1, rate:100, study:240, concept:1, problem:1
2026-04-28 19:44:23, SELF, v:1, k:ed@setbuild, self:1, study:180, concept:1
2026-04-28 19:44:35, SELF, v:1, k:ed@setbuild, self:1, study:180, concept:1
2026-04-28 19:44:41, SELF, v:1, k:ed@setbuild, self:1, study:180, concept:1
2026-04-28 19:44:47, SELF, v:1, k:ed@setbuild, self:1, study:180, concept:1
2026-04-28 19:45:16, MOVE, v:1, k:ed@setbuild, mode:PICK
2026-04-28 19:45:20, EXEC, v:1, k:ed@setbuild, mode:FULL, rate:100
2026-04-28 19:45:21, MOVE, v:1, k:ed@setbuild, mode:BACK
2026-04-28 19:53:19, MOVE, v:1, k:ed@bettersearch, mode:PICK
2026-04-28 19:53:30, MOVE, v:1, k:ed@bettersearch, mode:BACK
2026-04-28 19:53:32, MOVE, v:1, k:ed@setbuild, mode:PICK
2026-04-28 19:57:26, MOVE, v:1, k:ed@multiset, mode:EDIT
2026-04-28 20:23:14, MOVE, v:1, k:ed@multiset, mode:EDIT
2026-04-28 20:27:32, MOVE, v:1, k:ed@multiset, mode:EDIT
2026-04-28 20:33:08, MOVE, v:1, k:ed@multiset, mode:EDIT
2026-04-28 20:37:53, MOVE, v:1, k:ed@setbuild, mode:BACK
2026-04-28 20:37:55, MOVE, v:1, k:ed@multiset, mode:PICK
2026-04-28 20:37:46, MOVE, v:1, k:ed@multiset, mode:EDIT
2026-04-28 20:36:29, MOVE, v:1, k:ed@setbuild, mode:EDIT
2026-04-28 20:41:34, MOVE, v:1, k:ed@multiset, mode:EDIT
2026-04-28 20:44:18, MOVE, v:1, k:ed@multiset, mode:BACK
2026-04-28 20:44:20, MOVE, v:1, k:ed@vetbuild, mode:PICK
2026-04-28 20:48:09, MOVE, v:1, k:ed@multiset, mode:EDIT
2026-04-28 20:51:55, EXEC, v:1, k:ed@vetbuild, mode:FREE
2026-04-28 20:51:47, MOVE, v:1, k:ed@multiset, mode:EDIT
2026-04-28 20:57:44, MOVE, v:1, k:ed@multiset, mode:EDIT
2026-04-28 20:59:25, MOVE, v:1, k:ed@vetbuild, mode:BACK
2026-04-28 20:59:28, MOVE, v:1, k:ed@multiset, mode:PICK
2026-04-28 21:13:10, EXEC, v:1, k:ed@multiset, mode:FREE, size:285
2026-04-28 21:14:25, MOVE, v:1, k:ed@multiset, mode:EDIT
2026-04-28 21:17:17, EXEC, v:1, k:ed@multiset, mode:FULL, rate:16, size:285
2026-04-28 21:19:16, EXEC, v:1, k:ed@multiset, mode:FULL, size:298, fail:COMP
2026-04-28 21:19:47, EXEC, v:1, k:ed@multiset, mode:FULL, size:298, fail:COMP
2026-04-28 21:19:53, MOVE, v:1, k:ed@multiset, mode:EDIT
2026-04-28 21:20:53, EXEC, v:1, k:ed@multiset, mode:FULL, rate:33, size:299
2026-04-28 21:22:52, EXEC, v:1, k:ed@multiset, mode:FULL, rate:33, size:298
2026-04-28 21:22:59, EXEC, v:1, k:ed@multiset, mode:FULL, rate:50, size:298
2026-04-28 21:25:01, MOVE, v:1, k:ed@multiset, mode:EDIT
2026-04-28 21:28:17, EXEC, v:1, k:ed@multiset, mode:FULL, size:315, fail:COMP
2026-04-28 21:28:42, EXEC, v:1, k:ed@multiset, mode:FULL, size:315, fail:COMP
2026-04-28 21:29:22, EXEC, v:1, k:ed@multiset, mode:FULL, rate:33, size:315
2026-04-28 21:29:33, EXEC, v:1, k:ed@multiset, mode:FREE
2026-04-28 21:29:15, MOVE, v:1, k:ed@multiset, mode:EDIT
2026-04-28 21:31:19, MOVE, v:1, k:ed@multiset, mode:PICK
2026-04-28 21:31:20, EXEC, v:1, k:ed@multiset, mode:FREE, size:315
2026-04-28 21:34:33, MOVE, v:1, k:ed@multiset, mode:PICK
2026-04-28 21:34:34, EXEC, v:1, k:ed@multiset, mode:FREE, size:315
2026-04-28 21:37:11, EXEC, v:1, k:ed@multiset, mode:FREE, size:315
2026-04-28 21:39:01, EXEC, v:1, k:ed@multiset, mode:FULL, rate:50, size:316
2026-04-28 21:37:43, MOVE, v:1, k:ed@multiset, mode:EDIT
2026-04-28 21:44:00, EXEC, v:1, k:ed@multiset, mode:FULL, size:337, fail:COMP
2026-04-28 21:44:12, EXEC, v:1, k:ed@multiset, mode:FULL, rate:66, size:337
2026-04-28 21:44:11, MOVE, v:1, k:ed@multiset, mode:EDIT
2026-04-28 21:49:30, MOVE, v:1, k:ed@multiset, mode:EDIT
2026-04-28 21:59:28, MOVE, v:1, k:ed@multiset, mode:EDIT
2026-04-28 22:02:21, EXEC, v:1, k:ed@multiset, mode:FULL, size:358, fail:COMP
2026-04-28 22:02:38, EXEC, v:1, k:ed@multiset, mode:FULL, rate:100, size:358
2026-04-28 22:02:40, MOVE, v:1, k:ed@multiset, mode:BACK
2026-04-28 22:03:28, SELF, v:1, k:ed@multiset, self:1, rate:100, study:180, concept:1, problem:1
2026-04-28 22:03:34, MOVE, v:1, k:ed@vetbuild, mode:PICK
2026-04-28 22:03:36, EXEC, v:1, k:ed@vetbuild, mode:FULL, rate:100
2026-04-28 22:03:36, MOVE, v:1, k:ed@vetbuild, mode:BACK
2026-04-28 22:04:06, MOVE, v:1, k:ed@multiset, mode:EDIT
