2026-05-17 00:41:39, MOVE, v:1, k:ed@ilhas, mode:PICK
2026-05-17 00:44:14, MOVE, v:1, k:ed@ilhas, mode:EDIT
2026-05-17 00:49:24, MOVE, v:1, k:ed@ilhas, mode:EDIT
2026-05-17 00:50:05, EXEC, v:1, k:ed@ilhas, mode:FREE, size:60
2026-05-17 00:50:50, EXEC, v:1, k:ed@ilhas, mode:FREE, size:60
2026-05-17 00:53:49, MOVE, v:1, k:ed@ilhas, mode:EDIT
2026-05-17 00:59:27, MOVE, v:1, k:ed@ilhas, mode:EDIT
2026-05-17 01:01:12, MOVE, v:1, k:ed@ilhas, mode:EDIT
2026-05-17 01:07:11, MOVE, v:1, k:ed@ilhas, mode:EDIT
2026-05-17 01:13:01, MOVE, v:1, k:ed@ilhas, mode:EDIT
2026-05-17 01:16:03, EXEC, v:1, k:ed@ilhas, mode:FULL, rate:100, size:84
2026-05-17 01:16:05, MOVE, v:1, k:ed@ilhas, mode:BACK
2026-05-17 01:16:15, MOVE, v:1, k:ed@ilhas, mode:PICK
2026-05-17 01:16:19, EXEC, v:1, k:ed@ilhas, mode:FULL, rate:100
2026-05-17 01:16:20, MOVE, v:1, k:ed@ilhas, mode:BACK
2026-05-17 01:16:35, SELF, v:1, k:ed@ilhas, self:1, rate:100, study:20
2026-05-17 01:17:04, MOVE, v:1, k:ed@cercado, mode:DOWN
2026-05-17 01:17:22, MOVE, v:1, k:ed@cercado, mode:PICK
2026-05-17 01:18:05, MOVE, v:1, k:ed@cercado, mode:BACK
2026-05-17 01:18:07, MOVE, v:1, k:ed@ilhas, mode:PICK
2026-05-17 01:17:04, MOVE, v:1, k:ed@cercado, mode:EDIT
2026-05-17 01:17:04, MOVE, v:1, k:ed@cercado, mode:EDIT
2026-05-17 01:17:04, MOVE, v:1, k:ed@cercado, mode:EDIT
2026-05-17 01:20:37, MOVE, v:1, k:ed@ilhas, mode:BACK
2026-05-17 01:20:43, MOVE, v:1, k:ed@cercado, mode:PICK
2026-05-17 01:44:07, MOVE, v:1, k:ed@cercado, mode:EDIT
2026-05-17 01:53:49, MOVE, v:1, k:ed@cercado, mode:EDIT
2026-05-17 01:58:53, MOVE, v:1, k:ed@cercado, mode:EDIT
2026-05-17 02:03:41, MOVE, v:1, k:ed@cercado, mode:EDIT
2026-05-17 02:09:26, MOVE, v:1, k:ed@cercado, mode:EDIT
2026-05-17 02:11:35, EXEC, v:1, k:ed@cercado, mode:FULL, size:80, fail:COMP
2026-05-17 02:11:45, EXEC, v:1, k:ed@cercado, mode:FULL, size:80, fail:COMP
2026-05-17 02:12:03, EXEC, v:1, k:ed@cercado, mode:FULL, size:80, fail:COMP
2026-05-17 02:12:20, EXEC, v:1, k:ed@cercado, mode:FULL, rate:0, size:80
2026-05-17 02:12:47, EXEC, v:1, k:ed@cercado, mode:FULL, size:80, fail:COMP
2026-05-17 02:14:32, MOVE, v:1, k:ed@cercado, mode:EDIT
2026-05-17 02:17:13, MOVE, v:1, k:ed@cercado, mode:EDIT
2026-05-17 02:33:36, MOVE, v:1, k:ed@cercado, mode:BACK
2026-05-17 02:33:44, MOVE, v:1, k:ed@cercado, mode:PICK
2026-05-17 02:33:51, EXEC, v:1, k:ed@cercado, mode:FULL, rate:33, size:98
2026-05-17 02:33:18, MOVE, v:1, k:ed@cercado, mode:EDIT
2026-05-17 02:36:51, EXEC, v:1, k:ed@cercado, mode:FULL, rate:100, size:98
2026-05-17 02:36:53, MOVE, v:1, k:ed@cercado, mode:BACK
2026-05-17 02:37:16, SELF, v:1, k:ed@cercado, self:1, rate:100, study:60, concept:1, problem:1
2026-05-17 02:37:32, MOVE, v:1, k:ed@pintura, mode:DOWN
2026-05-17 02:37:39, MOVE, v:1, k:ed@pintura, mode:PICK
2026-05-17 02:36:45, MOVE, v:1, k:ed@cercado, mode:EDIT
2026-05-17 02:37:32, MOVE, v:1, k:ed@pintura, mode:EDIT
2026-05-17 02:37:32, MOVE, v:1, k:ed@pintura, mode:EDIT
2026-05-17 02:37:32, MOVE, v:1, k:ed@pintura, mode:EDIT
2026-05-17 02:40:16, MOVE, v:1, k:ed@pintura, mode:BACK
2026-05-17 03:03:32, MOVE, v:1, k:ed@cercado, mode:PICK
2026-05-17 03:13:00, EXEC, v:1, k:ed@cercado, mode:FREE
2026-05-17 03:13:38, EXEC, v:1, k:ed@cercado, mode:FULL, rate:100
2026-05-17 03:13:43, MOVE, v:1, k:ed@cercado, mode:BACK
2026-05-17 03:13:45, MOVE, v:1, k:ed@pintura, mode:PICK
2026-05-17 03:13:53, EXEC, v:1, k:ed@pintura, mode:FULL, size:93, fail:COMP
2026-05-17 03:14:14, EXEC, v:1, k:ed@pintura, mode:FULL, size:93, fail:COMP
2026-05-17 03:14:36, MOVE, v:1, k:ed@pintura, mode:EDIT
2026-05-17 03:14:43, EXEC, v:1, k:ed@pintura, mode:FULL, size:93, fail:COMP
2026-05-17 03:15:12, EXEC, v:1, k:ed@pintura, mode:FULL, rate:100, size:93
2026-05-17 03:16:00, MOVE, v:1, k:ed@pintura, mode:BACK
2026-05-17 03:16:17, SELF, v:1, k:ed@pintura, self:1, rate:100, study:30
2026-05-17 03:16:47, MOVE, v:1, k:ed@longest, mode:DOWN
2026-05-17 03:16:52, MOVE, v:1, k:ed@longest, mode:PICK
2026-05-17 03:17:40, MOVE, v:1, k:ed@longest, mode:BACK
2026-05-17 03:18:24, MOVE, v:1, k:ed@battleship, mode:DOWN
2026-05-17 03:18:38, MOVE, v:1, k:ed@battleship, mode:PICK
2026-05-17 03:21:20, MOVE, v:1, k:ed@battleship, mode:BACK
2026-05-17 03:22:21, SELF, v:1, k:ed@lista_d4, self:1, rate:100, study:60, concept:1, problem:1
2026-05-17 03:23:09, SELF, v:1, k:ed@editor, self:1, rate:100, study:180, concept:1, problem:1
2026-05-17 03:42:41, MOVE, v:1, k:ed@battleship, mode:EDIT
2026-05-17 03:46:18, MOVE, v:1, k:ed@longest, mode:PICK
2026-05-17 03:46:23, EXEC, v:1, k:ed@longest, mode:FULL, size:46, fail:COMP
2026-05-17 03:47:12, EXEC, v:1, k:ed@longest, mode:FREE
2026-05-17 03:47:07, MOVE, v:1, k:ed@battleship, mode:EDIT
2026-05-17 03:49:31, MOVE, v:1, k:ed@battleship, mode:EDIT
2026-05-17 03:57:25, EXEC, v:1, k:ed@longest, mode:FULL, fail:COMP
2026-05-17 03:57:44, MOVE, v:1, k:ed@battleship, mode:EDIT
2026-05-17 03:57:45, EXEC, v:1, k:ed@longest, mode:FULL, fail:COMP
2026-05-17 03:58:01, EXEC, v:1, k:ed@longest, mode:FULL, fail:COMP
2026-05-17 03:59:27, EXEC, v:1, k:ed@longest, mode:FULL, fail:COMP
2026-05-17 04:00:24, EXEC, v:1, k:ed@longest, mode:FULL, fail:COMP
2026-05-17 04:00:46, EXEC, v:1, k:ed@longest, mode:FREE
2026-05-17 04:00:56, EXEC, v:1, k:ed@longest, mode:FULL, fail:COMP
2026-05-17 04:01:02, MOVE, v:1, k:ed@longest, mode:BACK
2026-05-17 04:01:39, SELF, v:1, k:ed@longest, self:1, concept:1, problem:1
2026-05-17 04:02:08, SELF, v:1, k:ed@longest, self:1, study:35, concept:1, problem:1
2026-05-17 04:01:23, MOVE, v:1, k:ed@battleship, mode:EDIT
2026-05-17 04:02:45, SELF, v:1, k:ed@battleship, self:1, study:35, concept:1, problem:1
2026-05-17 04:04:50, MOVE, v:1, k:ed@longest, mode:PICK
2026-05-17 04:04:18, MOVE, v:1, k:ed@battleship, mode:EDIT
2026-05-17 04:17:38, MOVE, v:1, k:ed@longest, mode:EDIT
2026-05-17 04:19:48, MOVE, v:1, k:ed@longest, mode:EDIT
2026-05-17 04:26:15, MOVE, v:1, k:ed@longest, mode:EDIT
2026-05-17 04:37:57, MOVE, v:1, k:ed@longest, mode:BACK
2026-05-17 04:48:53, SELF, v:1, k:ed@editorint, self:1, study:180, concept:1, problem:1, debug:1
