2026-05-31 17:09:02, MOVE, v:1, k:ed@permutacoes, mode:DOWN
2026-05-31 17:09:10, MOVE, v:1, k:ed@permutacoes, mode:PICK
2026-05-31 17:13:33, EXEC, v:1, k:ed@permutacoes, mode:FULL, rate:20, size:11
2026-05-31 17:13:37, EXEC, v:1, k:ed@permutacoes, mode:FREE
2026-05-31 17:09:02, MOVE, v:1, k:ed@permutacoes, mode:EDIT
2026-05-31 17:09:02, MOVE, v:1, k:ed@permutacoes, mode:EDIT
2026-05-31 17:13:51, MOVE, v:1, k:ed@permutacoes, mode:EDIT
2026-05-31 17:18:52, MOVE, v:1, k:ed@permutacoes, mode:EDIT
2026-05-31 17:23:02, MOVE, v:1, k:ed@permutacoes, mode:EDIT
2026-05-31 17:28:49, MOVE, v:1, k:ed@permutacoes, mode:EDIT
2026-05-31 17:33:13, MOVE, v:1, k:ed@permutacoes, mode:EDIT
2026-05-31 17:37:43, MOVE, v:1, k:ed@permutacoes, mode:EDIT
2026-05-31 17:40:53, EXEC, v:1, k:ed@permutacoes, mode:FULL, rate:40, size:54
2026-05-31 17:40:41, MOVE, v:1, k:ed@permutacoes, mode:EDIT
2026-05-31 17:53:53, MOVE, v:1, k:ed@permutacoes, mode:EDIT
2026-05-31 17:54:18, MOVE, v:1, k:ed@permutacoes, mode:BACK
2026-05-31 17:54:19, MOVE, v:1, k:ed@permutacoes, mode:PICK
2026-05-31 17:54:21, EXEC, v:1, k:ed@permutacoes, mode:FULL, rate:40, size:56
2026-05-31 17:54:13, MOVE, v:1, k:ed@permutacoes, mode:EDIT
2026-05-31 18:16:54, MOVE, v:1, k:ed@permutacoes, mode:BACK
2026-05-31 18:16:55, MOVE, v:1, k:ed@permutacoes, mode:PICK
2026-05-31 18:17:01, EXEC, v:1, k:ed@permutacoes, mode:FULL, rate:100, size:56
2026-05-31 18:18:08, MOVE, v:1, k:ed@permutacoes, mode:BACK
2026-05-31 18:18:09, MOVE, v:1, k:ed@permutacoes, mode:PICK
2026-05-31 18:18:19, EXEC, v:1, k:ed@permutacoes, mode:FULL, rate:0, size:63
2026-05-31 18:18:20, EXEC, v:1, k:ed@permutacoes, mode:FREE
2026-05-31 18:18:04, MOVE, v:1, k:ed@permutacoes, mode:EDIT
2026-05-31 18:19:24, EXEC, v:1, k:ed@permutacoes, mode:FREE
2026-05-31 18:19:48, EXEC, v:1, k:ed@permutacoes, mode:FULL, rate:100, size:56
2026-05-31 18:19:50, MOVE, v:1, k:ed@permutacoes, mode:BACK
2026-05-31 18:20:16, SELF, v:1, k:ed@permutacoes, self:1, rate:100, study:60, concept:1, problem:1
2026-05-31 18:20:32, MOVE, v:1, k:ed@subset_sum, mode:DOWN
2026-05-31 18:20:34, MOVE, v:1, k:ed@subset_sum, mode:PICK
2026-05-31 18:21:25, MOVE, v:1, k:ed@subset_sum, mode:BACK
2026-05-31 18:22:33, MOVE, v:1, k:ed@distancia, mode:PICK
2026-05-31 18:22:34, MOVE, v:1, k:ed@distancia, mode:BACK
2026-05-31 18:22:40, MOVE, v:1, k:ed@distancia, mode:PICK
2026-05-31 18:23:47, MOVE, v:1, k:ed@distancia, mode:BACK
2026-05-31 18:24:10, MOVE, v:1, k:ed@wordsearch, mode:PICK
2026-05-31 18:24:30, MOVE, v:1, k:ed@wordsearch, mode:BACK
2026-05-31 18:20:32, MOVE, v:1, k:ed@subset_sum, mode:EDIT
2026-05-31 18:20:32, MOVE, v:1, k:ed@subset_sum, mode:EDIT
2026-05-31 18:20:32, MOVE, v:1, k:ed@subset_sum, mode:EDIT
2026-05-31 18:25:04, MOVE, v:1, k:ed@sudoku, mode:DOWN
2026-05-31 18:25:06, MOVE, v:1, k:ed@sudoku, mode:PICK
2026-05-31 18:26:46, MOVE, v:1, k:ed@sudoku, mode:BACK
2026-05-31 18:26:49, MOVE, v:1, k:ed@n_rainhas, mode:PICK
2026-05-31 18:27:12, MOVE, v:1, k:ed@n_rainhas, mode:BACK
2026-05-31 18:27:22, MOVE, v:1, k:ed@distancia, mode:PICK
2026-05-31 18:27:36, MOVE, v:1, k:ed@distancia, mode:BACK
2026-05-31 18:27:48, MOVE, v:1, k:ed@subset_sum, mode:PICK
2026-05-31 18:28:05, MOVE, v:1, k:ed@subset_sum, mode:BACK
2026-05-31 18:28:09, MOVE, v:1, k:ed@wordsearch, mode:PICK
2026-05-31 18:28:46, MOVE, v:1, k:ed@wordsearch, mode:BACK
2026-05-31 18:28:49, MOVE, v:1, k:ed@subset_sum, mode:PICK
2026-05-31 18:25:04, MOVE, v:1, k:ed@sudoku, mode:EDIT
2026-05-31 18:25:04, MOVE, v:1, k:ed@sudoku, mode:EDIT
2026-05-31 18:25:04, MOVE, v:1, k:ed@sudoku, mode:EDIT
2026-05-31 18:46:31, MOVE, v:1, k:ed@subset_sum, mode:BACK
2026-05-31 18:46:35, MOVE, v:1, k:ed@permutacoes, mode:PICK
2026-05-31 18:46:39, MOVE, v:1, k:ed@permutacoes, mode:BACK
2026-05-31 18:49:18, MOVE, v:1, k:ed@permutacoes, mode:PICK
2026-05-31 19:09:14, MOVE, v:1, k:ed@permutacoes, mode:BACK
2026-05-31 19:09:18, MOVE, v:1, k:ed@subset_sum, mode:PICK
2026-05-31 19:09:25, EXEC, v:1, k:ed@subset_sum, mode:FREE, size:27
2026-05-31 19:09:58, MOVE, v:1, k:ed@subset_sum, mode:EDIT
2026-05-31 19:13:40, MOVE, v:1, k:ed@subset_sum, mode:EDIT
2026-05-31 19:19:54, MOVE, v:1, k:ed@subset_sum, mode:EDIT
2026-05-31 19:24:37, MOVE, v:1, k:ed@subset_sum, mode:BACK
2026-05-31 19:24:38, MOVE, v:1, k:ed@subset_sum, mode:PICK
2026-05-31 19:24:40, EXEC, v:1, k:ed@subset_sum, mode:FREE, size:47
2026-05-31 19:24:06, MOVE, v:1, k:ed@subset_sum, mode:EDIT
2026-05-31 19:29:46, MOVE, v:1, k:ed@subset_sum, mode:EDIT
2026-05-31 19:34:53, MOVE, v:1, k:ed@subset_sum, mode:EDIT
2026-05-31 19:36:47, EXEC, v:1, k:ed@subset_sum, mode:FULL, rate:100, size:61
2026-05-31 19:36:48, MOVE, v:1, k:ed@subset_sum, mode:BACK
2026-05-31 19:37:12, SELF, v:1, k:ed@subset_sum, self:1, rate:100, study:90, guided:1, concept:1, problem:1
2026-05-31 19:37:18, MOVE, v:1, k:ed@subset_sum, mode:PICK
2026-05-31 19:37:22, EXEC, v:1, k:ed@subset_sum, mode:FULL, rate:100
2026-05-31 19:37:23, MOVE, v:1, k:ed@subset_sum, mode:BACK
2026-05-31 19:36:24, MOVE, v:1, k:ed@subset_sum, mode:EDIT
2026-05-31 19:47:28, MOVE, v:1, k:ed@n_rainhas, mode:PICK
