2026-06-02 08:54:29, MOVE, v:1, k:ed@wordsearch, mode:EDIT
2026-06-02 09:11:42, MOVE, v:1, k:ed@wordsearch, mode:EDIT
2026-06-02 09:16:41, MOVE, v:1, k:ed@wordsearch, mode:EDIT
2026-06-02 09:20:51, MOVE, v:1, k:ed@wordsearch, mode:EDIT
2026-06-02 09:24:08, EXEC, v:1, k:ed@wordsearch, mode:FULL, size:104, fail:COMP
2026-06-02 09:24:12, MOVE, v:1, k:ed@wordsearch, mode:BACK
2026-06-02 09:24:15, MOVE, v:1, k:ed@wordsearch, mode:PICK
2026-06-02 09:24:23, EXEC, v:1, k:ed@wordsearch, mode:FULL, fail:COMP
2026-06-02 09:25:33, EXEC, v:1, k:ed@wordsearch, mode:FULL, size:104, fail:COMP
2026-06-02 09:26:35, MOVE, v:1, k:ed@wordsearch, mode:EDIT
2026-06-02 09:26:48, EXEC, v:1, k:ed@wordsearch, mode:FULL, size:104, fail:COMP
2026-06-02 09:26:52, MOVE, v:1, k:ed@wordsearch, mode:BACK
2026-06-02 09:28:16, MOVE, v:1, k:ed@wordsearch, mode:PICK
2026-06-02 09:28:21, EXEC, v:1, k:ed@wordsearch, mode:FULL, size:104, fail:COMP
2026-06-02 09:28:53, EXEC, v:1, k:ed@wordsearch, mode:FULL, size:104, fail:COMP
2026-06-02 09:29:06, EXEC, v:1, k:ed@wordsearch, mode:FULL, size:104, fail:COMP
2026-06-02 09:29:56, EXEC, v:1, k:ed@wordsearch, mode:FULL, rate:100, size:104
2026-06-02 09:29:59, MOVE, v:1, k:ed@wordsearch, mode:BACK
2026-06-02 09:30:19, SELF, v:1, k:ed@wordsearch, self:1, rate:100, study:180, concept:1, problem:1, debug:1
2026-06-02 09:29:49, MOVE, v:1, k:ed@wordsearch, mode:EDIT
2026-06-02 09:32:15, MOVE, v:1, k:ed@sudoku, mode:PICK
2026-06-02 09:32:34, MOVE, v:1, k:ed@sudoku, mode:BACK
2026-06-02 09:32:50, MOVE, v:1, k:ed@sudoku, mode:PICK
2026-06-02 09:33:01, MOVE, v:1, k:ed@sudoku, mode:BACK
2026-06-02 09:33:05, MOVE, v:1, k:ed@distancia, mode:PICK
2026-06-02 09:33:18, MOVE, v:1, k:ed@distancia, mode:BACK
2026-06-02 09:33:50, MOVE, v:1, k:ed@distancia, mode:PICK
2026-06-02 09:34:06, MOVE, v:1, k:ed@distancia, mode:BACK
