2026-04-20 14:18:45, MOVE, v:1, k:ed@vetbuild, mode:PICK
2026-04-20 14:18:52, EXEC, v:1, k:ed@vetbuild, mode:FREE, size:256
2026-04-20 14:19:14, MOVE, v:1, k:ed@vetbuild, mode:EDIT
2026-04-20 14:45:53, MOVE, v:1, k:ed@vetbuild, mode:PICK
2026-04-20 14:45:56, EXEC, v:1, k:ed@vetbuild, mode:FREE, size:272
2026-04-20 14:48:34, EXEC, v:1, k:ed@vetbuild, mode:FULL, rate:45, size:270
2026-04-20 14:50:00, EXEC, v:1, k:ed@vetbuild, mode:FULL, rate:54, size:270
2026-04-20 14:49:56, MOVE, v:1, k:ed@vetbuild, mode:EDIT
2026-04-20 14:55:49, MOVE, v:1, k:ed@vetbuild, mode:EDIT
2026-04-20 15:00:50, MOVE, v:1, k:ed@vetbuild, mode:EDIT
2026-04-20 15:01:13, EXEC, v:1, k:ed@vetbuild, mode:FREE, size:285
2026-04-20 15:03:45, EXEC, v:1, k:ed@vetbuild, mode:FULL, rate:63, size:284
2026-04-20 15:05:49, MOVE, v:1, k:ed@vetbuild, mode:EDIT
2026-04-20 15:10:49, MOVE, v:1, k:ed@vetbuild, mode:EDIT
2026-04-20 15:12:54, EXEC, v:1, k:ed@vetbuild, mode:FREE, size:299
2026-04-20 15:12:44, MOVE, v:1, k:ed@vetbuild, mode:EDIT
2026-04-20 15:20:39, MOVE, v:1, k:ed@vetbuild, mode:EDIT
2026-04-20 15:24:07, MOVE, v:1, k:ed@vetbuild, mode:PICK
2026-04-20 15:24:07, EXEC, v:1, k:ed@vetbuild, mode:FREE, size:309
2026-04-20 15:27:25, MOVE, v:1, k:ed@vetbuild, mode:EDIT
2026-04-20 15:33:21, EXEC, v:1, k:ed@vetbuild, mode:FULL, size:320, fail:COMP
2026-04-20 15:33:33, EXEC, v:1, k:ed@vetbuild, mode:FULL, rate:81, size:320
2026-04-20 15:33:32, MOVE, v:1, k:ed@vetbuild, mode:EDIT
2026-04-20 15:35:37, MOVE, v:1, k:ed@vetbuild, mode:EDIT
2026-04-20 15:41:08, EXEC, v:1, k:ed@vetbuild, mode:FREE, size:327
2026-04-20 15:43:42, EXEC, v:1, k:ed@vetbuild, mode:FULL, rate:90, size:329
2026-04-20 15:44:00, MOVE, v:1, k:ed@vetbuild, mode:EDIT
2026-04-20 15:46:35, MOVE, v:1, k:ed@vetbuild, mode:EDIT
2026-04-20 15:51:15, MOVE, v:1, k:ed@vetbuild, mode:BACK
2026-04-20 15:51:50, MOVE, v:1, k:ed@vetbuild, mode:PICK
2026-04-20 15:51:53, EXEC, v:1, k:ed@vetbuild, mode:FULL, size:333, fail:COMP
2026-04-20 15:52:03, EXEC, v:1, k:ed@vetbuild, mode:FULL, rate:90, size:333
2026-04-20 15:54:05, MOVE, v:1, k:ed@vetbuild, mode:EDIT
2026-04-20 15:54:27, MOVE, v:1, k:ed@vetbuild, mode:EDIT
2026-04-20 16:03:48, MOVE, v:1, k:ed@vetbuild, mode:EDIT
2026-04-20 16:05:03, MOVE, v:1, k:ed@vetbuild, mode:EDIT
2026-04-20 16:23:56, MOVE, v:1, k:ed@vetbuild, mode:EDIT
2026-04-20 16:25:05, EXEC, v:1, k:ed@vetbuild, mode:FULL, size:356, fail:COMP
2026-04-20 16:25:36, EXEC, v:1, k:ed@vetbuild, mode:FULL, size:356, fail:COMP
2026-04-20 16:25:59, EXEC, v:1, k:ed@vetbuild, mode:FULL, size:356, fail:COMP
2026-04-20 16:26:27, EXEC, v:1, k:ed@vetbuild, mode:FULL, size:353, fail:COMP
2026-04-20 16:26:32, EXEC, v:1, k:ed@vetbuild, mode:FULL, size:353, fail:COMP
2026-04-20 16:26:42, EXEC, v:1, k:ed@vetbuild, mode:FULL, rate:90, size:353
2026-04-20 16:29:09, EXEC, v:1, k:ed@vetbuild, mode:FULL, rate:90, size:353
2026-04-20 16:29:07, MOVE, v:1, k:ed@vetbuild, mode:EDIT
2026-04-20 16:29:49, EXEC, v:1, k:ed@vetbuild, mode:FULL, rate:90, size:353
2026-04-20 16:30:16, EXEC, v:1, k:ed@vetbuild, mode:FULL, rate:100, size:353
2026-04-20 16:30:21, MOVE, v:1, k:ed@vetbuild, mode:BACK
2026-04-20 16:30:36, MOVE, v:1, k:ed@setbuild, mode:PICK
2026-04-20 16:30:14, MOVE, v:1, k:ed@vetbuild, mode:EDIT
