2026-04-09 16:32:15, MOVE, v:1, k:ed@padroes1, mode:PICK
2026-04-09 16:32:20, EXEC, v:1, k:ed@padroes1, mode:FULL, size:21, fail:COMP
2026-04-09 16:32:38, EXEC, v:1, k:ed@padroes1, mode:FULL, rate:100, size:22
2026-04-09 16:35:12, MOVE, v:1, k:ed@padroes1, mode:EDIT
2026-04-09 16:46:52, EXEC, v:1, k:ed@padroes1, mode:FULL, size:33, fail:COMP
2026-04-09 16:46:46, MOVE, v:1, k:ed@padroes1, mode:EDIT
2026-04-09 16:47:10, EXEC, v:1, k:ed@padroes1, mode:FULL, rate:100, size:33
2026-04-09 16:47:22, MOVE, v:1, k:ed@padroes1, mode:BACK
2026-04-09 16:48:33, MOVE, v:1, k:ed@sufixos, mode:DOWN
2026-04-09 16:48:37, MOVE, v:1, k:ed@sufixos, mode:PICK
2026-04-09 16:47:08, MOVE, v:1, k:ed@padroes1, mode:EDIT
2026-04-09 16:48:33, MOVE, v:1, k:ed@sufixos, mode:EDIT
2026-04-09 16:48:33, MOVE, v:1, k:ed@sufixos, mode:EDIT
2026-04-09 16:52:03, MOVE, v:1, k:ed@sufixos, mode:EDIT
2026-04-09 16:56:58, EXEC, v:1, k:ed@sufixos, mode:FULL, rate:0, size:28
2026-04-09 16:56:51, MOVE, v:1, k:ed@sufixos, mode:EDIT
2026-04-09 16:59:48, EXEC, v:1, k:ed@sufixos, mode:FULL, size:32, fail:COMP
2026-04-09 16:59:57, EXEC, v:1, k:ed@sufixos, mode:FULL, size:32, fail:COMP
2026-04-09 17:00:27, EXEC, v:1, k:ed@sufixos, mode:FULL, size:33, fail:COMP
2026-04-09 17:00:47, EXEC, v:1, k:ed@sufixos, mode:FULL, size:33, fail:COMP
2026-04-09 17:01:21, EXEC, v:1, k:ed@sufixos, mode:FULL, rate:0, size:33
2026-04-09 17:01:33, EXEC, v:1, k:ed@sufixos, mode:FULL, rate:0, size:33
2026-04-09 17:01:45, EXEC, v:1, k:ed@sufixos, mode:FULL, rate:0, size:33
2026-04-09 17:02:02, MOVE, v:1, k:ed@sufixos, mode:EDIT
2026-04-09 17:02:10, EXEC, v:1, k:ed@sufixos, mode:FULL, rate:0, size:33
2026-04-09 17:02:33, EXEC, v:1, k:ed@sufixos, mode:FULL, rate:0, size:33
2026-04-09 17:02:41, EXEC, v:1, k:ed@sufixos, mode:FULL, rate:100, size:33
2026-04-09 17:02:51, MOVE, v:1, k:ed@sufixos, mode:EDIT
2026-04-09 17:08:43, MOVE, v:1, k:ed@sufixos, mode:BACK
2026-04-09 17:08:52, MOVE, v:1, k:ed@padroes2, mode:DOWN
2026-04-09 17:08:59, MOVE, v:1, k:ed@padroes2, mode:PICK
2026-04-09 17:08:52, MOVE, v:1, k:ed@padroes2, mode:EDIT
2026-04-09 17:08:52, MOVE, v:1, k:ed@padroes2, mode:EDIT
2026-04-09 17:09:17, MOVE, v:1, k:ed@padroes2, mode:EDIT
2026-04-09 17:17:07, MOVE, v:1, k:ed@padroes2, mode:EDIT
2026-04-09 17:18:30, EXEC, v:1, k:ed@padroes2, mode:FULL, rate:100, size:13
2026-04-09 17:21:13, MOVE, v:1, k:ed@padroes2, mode:BACK
2026-04-09 17:21:18, MOVE, v:1, k:ed@padroes1, mode:PICK
2026-04-09 17:21:36, EXEC, v:1, k:ed@padroes1, mode:FULL, rate:100
2026-04-09 17:21:43, MOVE, v:1, k:ed@padroes1, mode:BACK
2026-04-09 17:21:45, MOVE, v:1, k:ed@padroes2, mode:PICK
2026-04-09 17:21:47, EXEC, v:1, k:ed@padroes2, mode:FULL, size:28, fail:COMP
2026-04-09 17:22:06, MOVE, v:1, k:ed@padroes2, mode:EDIT
2026-04-09 17:22:14, EXEC, v:1, k:ed@padroes2, mode:FULL, rate:2, size:28
2026-04-09 17:22:56, EXEC, v:1, k:ed@padroes2, mode:FULL, rate:2, size:28
2026-04-09 17:22:57, MOVE, v:1, k:ed@padroes2, mode:EDIT
2026-04-09 17:27:49, EXEC, v:1, k:ed@padroes2, mode:FULL, rate:2, size:28
2026-04-09 17:28:59, EXEC, v:1, k:ed@padroes2, mode:FULL, rate:2, size:29
2026-04-09 17:31:07, EXEC, v:1, k:ed@padroes2, mode:FULL, rate:2, size:29
2026-04-09 17:31:23, EXEC, v:1, k:ed@padroes2, mode:FULL, rate:2, size:29
2026-04-09 17:32:01, EXEC, v:1, k:ed@padroes2, mode:FULL, rate:2, size:29
2026-04-09 17:31:58, MOVE, v:1, k:ed@padroes2, mode:EDIT
2026-04-09 17:35:35, EXEC, v:1, k:ed@padroes2, mode:FULL, rate:100, size:29
2026-04-09 17:36:04, MOVE, v:1, k:ed@padroes2, mode:BACK
2026-04-09 17:36:16, MOVE, v:1, k:ed@padroes3, mode:PICK
2026-04-09 17:35:49, MOVE, v:1, k:ed@padroes2, mode:EDIT
2026-04-09 20:22:58, MOVE, v:1, k:ed@bitcoin, mode:DOWN
2026-04-09 20:23:01, MOVE, v:1, k:ed@bitcoin, mode:PICK
