2026-06-22 09:34:30, MOVE, v:1, k:ed@distancia, mode:PICK
2026-06-22 09:34:35, MOVE, v:1, k:ed@distancia, mode:BACK
2026-06-22 09:34:39, MOVE, v:1, k:ed@distancia, mode:PICK
2026-06-22 09:36:21, MOVE, v:1, k:ed@distancia, mode:BACK
2026-06-22 09:48:18, MOVE, v:1, k:ed@sudoku, mode:PICK
2026-06-22 09:53:08, MOVE, v:1, k:ed@sudoku, mode:EDIT
2026-06-22 09:57:26, MOVE, v:1, k:ed@sudoku, mode:EDIT
2026-06-22 10:00:59, EXEC, v:1, k:ed@sudoku, mode:FULL, rate:0, size:22
2026-06-22 10:01:08, EXEC, v:1, k:ed@sudoku, mode:FREE
2026-06-22 10:01:20, MOVE, v:1, k:ed@sudoku, mode:EDIT
2026-06-22 10:06:37, MOVE, v:1, k:ed@sudoku, mode:EDIT
2026-06-22 10:11:28, MOVE, v:1, k:ed@sudoku, mode:EDIT
2026-06-22 10:18:27, MOVE, v:1, k:ed@sudoku, mode:BACK
2026-06-22 10:18:36, MOVE, v:1, k:ed@permutacoes, mode:PICK
2026-06-22 10:18:42, EXEC, v:1, k:ed@permutacoes, mode:FULL, rate:100
2026-06-22 10:18:43, MOVE, v:1, k:ed@permutacoes, mode:BACK
2026-06-22 10:19:16, SELF, v:1, k:ed@permutacoes, self:1, rate:100, study:100, concept:1, problem:1
2026-06-22 10:22:07, MOVE, v:1, k:ed@sudoku, mode:PICK
2026-06-22 10:26:14, MOVE, v:1, k:ed@sudoku, mode:EDIT
2026-06-22 10:29:32, MOVE, v:1, k:ed@sudoku, mode:EDIT
2026-06-22 10:34:52, EXEC, v:1, k:ed@sudoku, mode:FULL, rate:0, size:39
2026-06-22 10:34:53, EXEC, v:1, k:ed@sudoku, mode:FREE
2026-06-22 10:33:33, MOVE, v:1, k:ed@sudoku, mode:EDIT
2026-06-22 10:37:06, MOVE, v:1, k:ed@sudoku, mode:BACK
2026-06-22 10:37:07, MOVE, v:1, k:ed@sudoku, mode:PICK
2026-06-22 10:39:35, EXEC, v:1, k:ed@sudoku, mode:FREE, size:39
2026-06-22 10:41:53, MOVE, v:1, k:ed@sudoku, mode:EDIT
2026-06-22 10:45:30, MOVE, v:1, k:ed@sudoku, mode:EDIT
2026-06-22 11:07:03, MOVE, v:1, k:ed@sudoku, mode:EDIT
2026-06-22 11:11:57, MOVE, v:1, k:ed@sudoku, mode:EDIT
2026-06-22 11:17:00, MOVE, v:1, k:ed@sudoku, mode:EDIT
2026-06-22 11:21:59, MOVE, v:1, k:ed@sudoku, mode:EDIT
2026-06-22 11:26:05, MOVE, v:1, k:ed@sudoku, mode:EDIT
2026-06-22 11:31:59, EXEC, v:1, k:ed@sudoku, mode:FULL, rate:0, size:103
2026-06-22 11:30:08, MOVE, v:1, k:ed@sudoku, mode:EDIT
2026-06-22 11:32:10, EXEC, v:1, k:ed@sudoku, mode:FULL, rate:40, size:103
2026-06-22 11:34:55, MOVE, v:1, k:ed@sudoku, mode:EDIT
2026-06-22 11:42:02, MOVE, v:1, k:ed@sudoku, mode:EDIT
2026-06-22 11:42:43, MOVE, v:1, k:ed@sudoku, mode:EDIT
2026-06-22 11:51:07, MOVE, v:1, k:ed@sudoku, mode:BACK
2026-06-22 11:51:11, MOVE, v:1, k:ed@sudoku, mode:PICK
2026-06-22 11:51:25, MOVE, v:1, k:ed@sudoku, mode:EDIT
2026-06-22 13:19:33, MOVE, v:1, k:ed@sudoku, mode:BACK
2026-06-22 16:39:27, MOVE, v:1, k:ed@sudoku, mode:PICK
2026-06-22 16:42:16, EXEC, v:1, k:ed@sudoku, mode:FULL, size:125, fail:COMP
2026-06-22 16:42:41, EXEC, v:1, k:ed@sudoku, mode:FULL, size:125, fail:COMP
2026-06-22 16:44:21, MOVE, v:1, k:ed@sudoku, mode:EDIT
2026-06-22 16:44:38, EXEC, v:1, k:ed@sudoku, mode:FULL, rate:0, size:126
2026-06-22 16:46:22, EXEC, v:1, k:ed@sudoku, mode:FULL, rate:100, size:126
2026-06-22 16:46:27, MOVE, v:1, k:ed@sudoku, mode:BACK
2026-06-22 16:46:57, SELF, v:1, k:ed@sudoku, self:1, rate:100, study:180, concept:1, problem:1, debug:1, refactor:1
2026-06-22 16:47:07, MOVE, v:1, k:ed@sudoku, mode:PICK
2026-06-22 16:47:08, MOVE, v:1, k:ed@sudoku, mode:BACK
2026-06-22 16:47:15, SELF, v:1, k:ed@sudoku, self:1, rate:100, study:180, concept:1, refactor:1
2026-06-22 16:47:37, SELF, v:1, k:ed@sudoku, self:1, rate:100, study:180, concept:1, problem:1, debug:1
2026-06-22 16:46:27, MOVE, v:1, k:ed@sudoku, mode:EDIT
2026-06-22 17:08:43, MOVE, v:1, k:ed@hex, mode:DOWN
2026-06-22 17:08:48, MOVE, v:1, k:ed@hex, mode:PICK
2026-06-22 17:09:03, MOVE, v:1, k:ed@hex, mode:BACK
2026-06-22 17:09:12, MOVE, v:1, k:ed@polonesa, mode:DOWN
2026-06-22 17:09:18, MOVE, v:1, k:ed@polonesa, mode:PICK
2026-06-22 17:08:43, MOVE, v:1, k:ed@hex, mode:EDIT
2026-06-22 17:09:12, MOVE, v:1, k:ed@polonesa, mode:EDIT
2026-06-22 17:09:12, MOVE, v:1, k:ed@polonesa, mode:EDIT
2026-06-22 17:11:55, MOVE, v:1, k:ed@polonesa, mode:BACK
2026-06-22 18:34:09, MOVE, v:1, k:ed@polonesa, mode:EDIT
2026-06-22 18:36:30, MOVE, v:1, k:ed@polonesa, mode:EDIT
2026-06-22 18:54:15, MOVE, v:1, k:ed@polonesa, mode:EDIT
2026-06-22 18:57:30, MOVE, v:1, k:ed@polonesa, mode:PICK
2026-06-22 18:57:34, EXEC, v:1, k:ed@polonesa, mode:FULL, size:54, fail:COMP
2026-06-22 18:57:37, MOVE, v:1, k:ed@polonesa, mode:BACK
2026-06-22 18:57:41, MOVE, v:1, k:ed@polonesa, mode:PICK
2026-06-22 18:59:15, MOVE, v:1, k:ed@polonesa, mode:EDIT
2026-06-22 19:00:03, EXEC, v:1, k:ed@polonesa, mode:FULL, rate:0, size:58
2026-06-22 19:00:31, EXEC, v:1, k:ed@polonesa, mode:FULL, rate:0, size:59
2026-06-22 19:00:53, EXEC, v:1, k:ed@polonesa, mode:FULL, rate:0, size:59
2026-06-22 19:03:53, EXEC, v:1, k:ed@polonesa, mode:FULL, rate:0, size:65
2026-06-22 19:03:45, MOVE, v:1, k:ed@polonesa, mode:EDIT
2026-06-22 19:06:03, EXEC, v:1, k:ed@polonesa, mode:FULL, rate:0, size:70
2026-06-22 19:08:09, EXEC, v:1, k:ed@polonesa, mode:FULL, rate:0
2026-06-22 19:08:19, EXEC, v:1, k:ed@polonesa, mode:FULL, rate:0, size:70
2026-06-22 19:08:34, EXEC, v:1, k:ed@polonesa, mode:FULL, rate:0, size:70
2026-06-22 19:08:24, MOVE, v:1, k:ed@polonesa, mode:EDIT
2026-06-22 19:11:39, EXEC, v:1, k:ed@polonesa, mode:FULL, rate:0, size:70
2026-06-22 19:12:19, EXEC, v:1, k:ed@polonesa, mode:FULL, rate:0, size:72
2026-06-22 19:14:23, MOVE, v:1, k:ed@polonesa, mode:EDIT
2026-06-22 19:15:47, MOVE, v:1, k:ed@polonesa, mode:EDIT
2026-06-22 19:24:01, EXEC, v:1, k:ed@polonesa, mode:FULL, size:80, fail:COMP
2026-06-22 19:24:11, EXEC, v:1, k:ed@polonesa, mode:FULL, rate:100, size:79
2026-06-22 19:24:20, MOVE, v:1, k:ed@polonesa, mode:BACK
2026-06-22 19:24:24, MOVE, v:1, k:ed@polonesa, mode:PICK
2026-06-22 19:24:09, MOVE, v:1, k:ed@polonesa, mode:EDIT
2026-06-22 19:24:26, MOVE, v:1, k:ed@polonesa, mode:BACK
2026-06-22 19:24:45, SELF, v:1, k:ed@polonesa, self:1, rate:100, study:190, concept:1, problem:1, debug:1, refactor:1
2026-06-22 19:24:55, MOVE, v:1, k:ed@polonesa, mode:PICK
2026-06-22 19:24:57, EXEC, v:1, k:ed@polonesa, mode:FULL, rate:100
2026-06-22 19:24:58, MOVE, v:1, k:ed@polonesa, mode:BACK
2026-06-22 19:25:06, SELF, v:1, k:ed@polonesa, self:1, rate:100, study:190, concept:1, problem:1, code:1, debug:1, refactor:1
2026-06-22 19:25:10, MOVE, v:1, k:ed@polonesa, mode:PICK
2026-06-22 19:25:11, MOVE, v:1, k:ed@polonesa, mode:BACK
2026-06-22 19:25:40, SELF, v:1, k:ed@polonesa, self:1, rate:100, concept:1, problem:1, code:1, refactor:1
2026-06-22 19:26:29, SELF, v:1, k:ed@polonesa, self:1, rate:100, concept:1, problem:1, debug:1, refactor:1
2026-06-22 19:26:49, MOVE, v:1, k:ed@caminhao, mode:DOWN
2026-06-22 19:26:55, MOVE, v:1, k:ed@caminhao, mode:PICK
2026-06-22 19:29:52, MOVE, v:1, k:ed@caminhao, mode:BACK
2026-06-22 19:29:56, MOVE, v:1, k:ed@caminhao, mode:PICK
2026-06-22 19:26:48, MOVE, v:1, k:ed@caminhao, mode:EDIT
2026-06-22 19:29:09, MOVE, v:1, k:ed@caminhao, mode:EDIT
2026-06-22 19:35:24, MOVE, v:1, k:ed@caminhao, mode:BACK
2026-06-22 19:36:51, MOVE, v:1, k:ed@balanceada, mode:DOWN
2026-06-22 19:36:57, MOVE, v:1, k:ed@balanceada, mode:PICK
2026-06-22 19:36:38, MOVE, v:1, k:ed@caminhao, mode:EDIT
2026-06-22 19:36:51, MOVE, v:1, k:ed@balanceada, mode:EDIT
2026-06-22 19:44:03, MOVE, v:1, k:ed@balanceada, mode:BACK
2026-06-22 19:44:06, MOVE, v:1, k:ed@balanceada, mode:PICK
2026-06-22 19:45:12, EXEC, v:1, k:ed@balanceada, mode:FULL, size:12, fail:COMP
2026-06-22 19:45:18, EXEC, v:1, k:ed@balanceada, mode:FULL, rate:0, size:12
2026-06-22 19:45:17, MOVE, v:1, k:ed@balanceada, mode:EDIT
2026-06-22 19:48:47, EXEC, v:1, k:ed@balanceada, mode:FULL, rate:0, size:25
2026-06-22 19:49:00, EXEC, v:1, k:ed@balanceada, mode:FULL, rate:0, size:25
2026-06-22 19:50:30, MOVE, v:1, k:ed@balanceada, mode:EDIT
2026-06-22 19:55:29, MOVE, v:1, k:ed@balanceada, mode:EDIT
2026-06-22 19:57:42, EXEC, v:1, k:ed@balanceada, mode:FULL, rate:50, size:44
2026-06-22 19:58:19, EXEC, v:1, k:ed@balanceada, mode:FULL, rate:50, size:44
2026-06-22 19:59:01, EXEC, v:1, k:ed@balanceada, mode:FULL, rate:50
2026-06-22 19:58:17, MOVE, v:1, k:ed@balanceada, mode:EDIT
2026-06-22 20:04:35, MOVE, v:1, k:ed@balanceada, mode:EDIT
2026-06-22 20:07:49, EXEC, v:1, k:ed@balanceada, mode:FULL, size:54, fail:COMP
2026-06-22 20:08:01, EXEC, v:1, k:ed@balanceada, mode:FULL, rate:0, size:54
2026-06-22 20:08:23, EXEC, v:1, k:ed@balanceada, mode:FULL, rate:0, size:53
2026-06-22 20:08:35, EXEC, v:1, k:ed@balanceada, mode:FULL, rate:50, size:53
2026-06-22 20:08:49, EXEC, v:1, k:ed@balanceada, mode:FULL, rate:0, size:53
2026-06-22 20:08:48, MOVE, v:1, k:ed@balanceada, mode:EDIT
2026-06-22 20:11:17, EXEC, v:1, k:ed@balanceada, mode:FULL, size:54, fail:COMP
2026-06-22 20:11:31, EXEC, v:1, k:ed@balanceada, mode:FULL, rate:100, size:54
2026-06-22 20:12:38, EXEC, v:1, k:ed@balanceada, mode:FULL, rate:40, size:54
2026-06-22 20:12:53, MOVE, v:1, k:ed@balanceada, mode:PICK
2026-06-22 20:13:00, EXEC, v:1, k:ed@balanceada, mode:FULL, rate:100, size:54
2026-06-22 20:12:59, MOVE, v:1, k:ed@balanceada, mode:EDIT
2026-06-22 20:20:31, MOVE, v:1, k:ed@balanceada, mode:BACK
2026-06-22 20:20:42, SELF, v:1, k:ed@balanceada, self:1, rate:100, study:40
2026-06-22 20:21:13, MOVE, v:1, k:ed@pilha, mode:DOWN
2026-06-22 20:21:18, MOVE, v:1, k:ed@pilha, mode:PICK
2026-06-22 20:20:21, MOVE, v:1, k:ed@balanceada, mode:EDIT
2026-06-22 20:21:13, MOVE, v:1, k:ed@pilha, mode:EDIT
2026-06-22 20:21:13, MOVE, v:1, k:ed@pilha, mode:EDIT
2026-06-22 20:27:11, MOVE, v:1, k:ed@pilha, mode:BACK
