2026-07-07 01:16:56, MOVE, v:1, k:ed@editorint, mode:PICK
2026-07-07 01:17:01, EXEC, v:1, k:ed@editorint, mode:LOCK, rate:0
2026-07-07 01:17:48, MOVE, v:1, k:ed@prin_list1, mode:PICK
2026-07-07 01:22:33, MOVE, v:1, k:ed@prin_list1, mode:BACK
2026-07-07 01:23:04, MOVE, v:1, k:ed@prin_list1, mode:PICK
2026-07-07 01:28:03, MOVE, v:1, k:ed@prin_list1, mode:EDIT
2026-07-07 01:31:42, EXEC, v:1, k:ed@prin_list1, mode:FULL, size:182, fail:COMP
2026-07-07 01:31:57, EXEC, v:1, k:ed@prin_list1, mode:FULL, size:182, fail:COMP
2026-07-07 01:32:07, EXEC, v:1, k:ed@prin_list1, mode:LOCK, rate:0, size:182
2026-07-07 01:32:20, MOVE, v:1, k:ed@prin_list1, mode:BACK
2026-07-07 01:32:23, MOVE, v:1, k:ed@prin_list1, mode:PICK
2026-07-07 01:32:32, MOVE, v:1, k:ed@prin_list1, mode:BACK
2026-07-07 01:32:39, MOVE, v:1, k:ed@prin_list2, mode:DOWN
2026-07-07 01:32:43, MOVE, v:1, k:ed@prin_list2, mode:PICK
2026-07-07 01:32:45, MOVE, v:1, k:ed@prin_list2, mode:BACK
2026-07-07 01:32:47, MOVE, v:1, k:ed@prin_list1, mode:PICK
2026-07-07 01:33:00, MOVE, v:1, k:ed@prin_list1, mode:EDIT
2026-07-07 01:32:39, MOVE, v:1, k:ed@prin_list2, mode:EDIT
2026-07-07 01:32:39, MOVE, v:1, k:ed@prin_list2, mode:EDIT
2026-07-07 01:35:05, EXEC, v:1, k:ed@prin_list1, mode:LOCK, rate:0, size:182
2026-07-07 01:35:21, EXEC, v:1, k:ed@prin_list1, mode:FREE
2026-07-07 01:37:46, MOVE, v:1, k:ed@prin_list1, mode:EDIT
2026-07-07 01:38:28, MOVE, v:1, k:ed@prin_list1, mode:BACK
2026-07-07 01:39:31, MOVE, v:1, k:ed@prin_list1, mode:PICK
2026-07-07 01:39:34, EXEC, v:1, k:ed@prin_list1, mode:LOCK, rate:0, size:193
2026-07-07 01:39:37, EXEC, v:1, k:ed@prin_list1, mode:FREE
2026-07-07 01:39:42, EXEC, v:1, k:ed@prin_list1, mode:FREE
2026-07-07 01:42:29, MOVE, v:1, k:ed@prin_list1, mode:BACK
2026-07-07 01:42:48, MOVE, v:1, k:ed@prin_list1, mode:PICK
2026-07-07 01:42:50, EXEC, v:1, k:ed@prin_list1, mode:LOCK, rate:0, size:193
2026-07-07 01:42:53, EXEC, v:1, k:ed@prin_list1, mode:FREE
2026-07-07 01:42:44, MOVE, v:1, k:ed@prin_list1, mode:EDIT
2026-07-07 01:44:54, MOVE, v:1, k:ed@prin_list1, mode:EDIT
2026-07-07 01:49:18, EXEC, v:1, k:ed@prin_list1, mode:LOCK, rate:0, size:192
2026-07-07 01:49:21, MOVE, v:1, k:ed@prin_list1, mode:BACK
2026-07-07 01:49:29, MOVE, v:1, k:ed@prin_list2, mode:PICK
2026-07-07 01:49:42, MOVE, v:1, k:ed@prin_list2, mode:BACK
2026-07-07 01:49:45, MOVE, v:1, k:ed@prin_list1, mode:PICK
2026-07-07 01:49:52, EXEC, v:1, k:ed@prin_list1, mode:FREE
2026-07-07 01:51:37, MOVE, v:1, k:ed@prin_list1, mode:BACK
2026-07-07 01:51:40, MOVE, v:1, k:ed@prin_list2, mode:PICK
2026-07-07 01:52:08, EXEC, v:1, k:ed@prin_list2, mode:FULL, rate:0, size:46
2026-07-07 01:58:02, MOVE, v:1, k:ed@prin_list2, mode:EDIT
2026-07-07 02:01:28, MOVE, v:1, k:ed@prin_list2, mode:EDIT
2026-07-07 02:07:45, MOVE, v:1, k:ed@prin_list2, mode:EDIT
2026-07-07 02:08:19, EXEC, v:1, k:ed@prin_list2, mode:FULL, rate:0, size:64
2026-07-07 02:11:34, MOVE, v:1, k:ed@prin_list2, mode:BACK
2026-07-07 02:11:36, MOVE, v:1, k:ed@prin_list2, mode:PICK
2026-07-07 02:11:40, EXEC, v:1, k:ed@prin_list2, mode:FULL, rate:0
2026-07-07 02:11:41, MOVE, v:1, k:ed@prin_list2, mode:BACK
2026-07-07 02:11:43, MOVE, v:1, k:ed@prin_list2, mode:PICK
2026-07-07 02:12:51, MOVE, v:1, k:ed@prin_list2, mode:EDIT
2026-07-07 02:13:49, EXEC, v:1, k:ed@prin_list2, mode:FULL, rate:0, size:71
2026-07-07 02:13:55, MOVE, v:1, k:ed@prin_list2, mode:BACK
2026-07-07 02:13:56, MOVE, v:1, k:ed@prin_list2, mode:PICK
2026-07-07 02:15:29, EXEC, v:1, k:ed@prin_list2, mode:FULL, rate:0, size:77
2026-07-07 02:16:46, EXEC, v:1, k:ed@prin_list2, mode:FREE
2026-07-07 02:17:00, MOVE, v:1, k:ed@prin_list2, mode:BACK
2026-07-07 02:17:01, MOVE, v:1, k:ed@prin_list2, mode:PICK
2026-07-07 02:17:46, EXEC, v:1, k:ed@prin_list2, mode:FREE
2026-07-07 02:15:17, MOVE, v:1, k:ed@prin_list2, mode:EDIT
2026-07-07 02:18:56, MOVE, v:1, k:ed@prin_list2, mode:PICK
2026-07-07 02:19:00, EXEC, v:1, k:ed@prin_list2, mode:FULL, rate:0, size:77
2026-07-07 02:21:32, EXEC, v:1, k:ed@prin_list2, mode:FULL, rate:0, size:77
2026-07-07 02:22:11, EXEC, v:1, k:ed@prin_list2, mode:FULL, rate:0, size:77
2026-07-07 02:22:45, EXEC, v:1, k:ed@prin_list2, mode:FULL, rate:0, size:77
2026-07-07 02:22:57, EXEC, v:1, k:ed@prin_list2, mode:FULL, rate:100, size:77
2026-07-07 02:23:04, MOVE, v:1, k:ed@prin_list2, mode:BACK
2026-07-07 02:23:22, SELF, v:1, k:ed@prin_list2, self:1, rate:100, study:40, concept:1
2026-07-07 02:22:53, MOVE, v:1, k:ed@prin_list2, mode:EDIT
2026-07-07 02:23:40, MOVE, v:1, k:ed@prin_list1, mode:PICK
2026-07-07 02:23:47, MOVE, v:1, k:ed@prin_list1, mode:BACK
2026-07-07 02:23:52, MOVE, v:1, k:ed@prin_list1, mode:PICK
2026-07-07 02:23:55, EXEC, v:1, k:ed@prin_list1, mode:FREE
2026-07-07 02:24:31, MOVE, v:1, k:ed@prin_list1, mode:BACK
2026-07-07 02:24:51, SELF, v:1, k:ed@prin_list1, self:1, study:30, concept:1, problem:1
2026-07-07 02:24:59, SELF, v:1, k:ed@prin_list1, self:1, study:30, concept:1, problem:1
2026-07-07 02:25:21, MOVE, v:1, k:ed@prin_list1, mode:PICK
2026-07-07 02:25:23, EXEC, v:1, k:ed@prin_list1, mode:LOCK, rate:0
2026-07-07 02:25:28, EXEC, v:1, k:ed@prin_list1, mode:FREE
2026-07-07 02:25:38, EXEC, v:1, k:ed@prin_list1, mode:LOCK, rate:0
2026-07-07 02:25:41, MOVE, v:1, k:ed@prin_list1, mode:BACK
2026-07-07 02:25:57, MOVE, v:1, k:ed@editorint, mode:PICK
2026-07-07 02:26:02, EXEC, v:1, k:ed@editorint, mode:LOCK, rate:0
2026-07-07 02:26:07, EXEC, v:1, k:ed@editorint, mode:LOCK, rate:0
2026-07-07 02:26:07, EXEC, v:1, k:ed@editorint, mode:FREE
2026-07-07 02:26:11, MOVE, v:1, k:ed@editorint, mode:BACK
2026-07-07 02:26:51, MOVE, v:1, k:ed@detonate, mode:PICK
2026-07-07 02:27:06, MOVE, v:1, k:ed@detonate, mode:BACK
2026-07-07 02:29:54, SELF, v:1, k:ed@detonate, self:1, rate:100, refactor:1
2026-07-07 02:30:50, MOVE, v:1, k:ed@controlz, mode:PICK
2026-07-07 02:30:59, MOVE, v:1, k:ed@controlz, mode:BACK
