2026-04-08 12:56:27, MOVE, v:1, k:ed@padroes1, mode:DOWN
2026-04-08 12:56:28, MOVE, v:1, k:ed@padroes1, mode:PICK
2026-04-08 12:56:27, MOVE, v:1, k:ed@padroes1, mode:EDIT
2026-04-08 12:56:27, MOVE, v:1, k:ed@padroes1, mode:EDIT
2026-04-08 13:00:25, MOVE, v:1, k:ed@padroes1, mode:EDIT
2026-04-08 13:02:58, MOVE, v:1, k:ed@padroes1, mode:BACK
2026-04-08 13:03:03, MOVE, v:1, k:ed@fib2, mode:PICK
2026-04-08 13:05:34, MOVE, v:1, k:ed@padroes1, mode:EDIT
2026-04-08 13:09:01, EXEC, v:1, k:ed@fib2, mode:FULL, rate:100, size:27
2026-04-08 13:09:01, MOVE, v:1, k:ed@fib2, mode:BACK
2026-04-08 13:09:06, MOVE, v:1, k:ed@padroes1, mode:PICK
2026-04-08 13:09:09, EXEC, v:1, k:ed@padroes1, mode:FULL, size:30, fail:COMP
2026-04-08 13:09:24, EXEC, v:1, k:ed@padroes1, mode:FULL, size:30, fail:COMP
2026-04-08 13:10:34, EXEC, v:1, k:ed@padroes1, mode:FULL, size:32, fail:COMP
2026-04-08 13:10:41, EXEC, v:1, k:ed@padroes1, mode:FULL, rate:0, size:32
2026-04-08 13:10:38, MOVE, v:1, k:ed@padroes1, mode:EDIT
2026-04-08 13:11:15, EXEC, v:1, k:ed@padroes1, mode:FULL, rate:0, size:32
2026-04-08 13:11:32, EXEC, v:1, k:ed@padroes1, mode:FULL, rate:0, size:32
2026-04-08 13:12:00, EXEC, v:1, k:ed@padroes1, mode:FULL, rate:0, size:32
2026-04-08 13:12:07, EXEC, v:1, k:ed@padroes1, mode:FULL, rate:0, size:32
2026-04-08 13:12:15, EXEC, v:1, k:ed@padroes1, mode:FULL, rate:0, size:32
2026-04-08 13:12:35, EXEC, v:1, k:ed@padroes1, mode:FULL, rate:0, size:32
2026-04-08 13:12:42, EXEC, v:1, k:ed@padroes1, mode:FULL, rate:0, size:32
2026-04-08 13:13:08, EXEC, v:1, k:ed@padroes1, mode:FULL, rate:0, size:32
2026-04-08 13:13:56, EXEC, v:1, k:ed@padroes1, mode:FULL, rate:0, size:34
2026-04-08 13:14:00, EXEC, v:1, k:ed@padroes1, mode:FULL, rate:0, size:34
2026-04-08 13:14:43, EXEC, v:1, k:ed@padroes1, mode:FULL, rate:100, size:36
2026-04-08 13:15:11, EXEC, v:1, k:ed@padroes1, mode:FULL, rate:100, size:33
2026-04-08 13:15:47, MOVE, v:1, k:ed@padroes1, mode:EDIT
2026-04-08 13:17:25, MOVE, v:1, k:ed@padroes1, mode:EDIT
