2026-04-04 08:55:49, MOVE, v:1, k:ed@treinando, mode:PICK
2026-04-04 08:55:53, EXEC, v:1, k:ed@treinando, mode:FULL, size:137, fail:COMP
2026-04-04 08:56:06, MOVE, v:1, k:ed@treinando, mode:BACK
2026-04-04 08:56:18, MOVE, v:1, k:ed@fractais_png, mode:DOWN
2026-04-04 08:56:19, MOVE, v:1, k:ed@fractais_png, mode:PICK
2026-04-04 08:56:32, MOVE, v:1, k:ed@fractais_png, mode:BACK
2026-04-04 08:56:35, MOVE, v:1, k:ed@triangulo, mode:PICK
2026-04-04 08:58:21, EXEC, v:1, k:ed@triangulo, mode:FULL, rate:0, size:58
2026-04-04 08:59:22, EXEC, v:1, k:ed@triangulo, mode:FULL, size:59, fail:COMP
2026-04-04 08:59:32, EXEC, v:1, k:ed@triangulo, mode:FULL, rate:100, size:59
2026-04-04 09:01:02, EXEC, v:1, k:ed@triangulo, mode:FULL, rate:0, size:59
2026-04-04 09:01:08, EXEC, v:1, k:ed@triangulo, mode:FULL, rate:0, size:59
2026-04-04 09:01:31, EXEC, v:1, k:ed@triangulo, mode:FULL, rate:100, size:59
2026-04-04 09:07:59, MOVE, v:1, k:ed@triangulo, mode:BACK
2026-04-04 09:08:13, MOVE, v:1, k:ed@treinando, mode:PICK
2026-04-04 09:08:39, EXEC, v:1, k:ed@treinando, mode:FULL, fail:COMP
2026-04-04 09:09:07, EXEC, v:1, k:ed@treinando, mode:FULL, rate:66, size:135
2026-04-04 09:17:05, EXEC, v:1, k:ed@treinando, mode:FULL, rate:66, size:138
2026-04-04 09:22:21, EXEC, v:1, k:ed@treinando, mode:FULL, size:147, fail:COMP
2026-04-04 09:22:29, EXEC, v:1, k:ed@treinando, mode:FULL, rate:83, size:147
2026-04-04 09:33:03, MOVE, v:1, k:ed@treinando, mode:BACK
2026-04-04 09:34:06, SELF, v:1, k:ed@fuga, self:1, rate:100, study:120, concept:1, refactor:1
2026-04-04 09:34:40, SELF, v:1, k:ed@mdc, self:1, rate:100, study:80, code:1
2026-04-04 09:34:50, SELF, v:1, k:ed@eh_primo, self:1, rate:100
2026-04-04 09:35:46, MOVE, v:1, k:ed@resto, mode:PICK
2026-04-04 09:36:34, EXEC, v:1, k:ed@resto, mode:FULL, rate:100, size:31
2026-04-04 09:36:36, MOVE, v:1, k:ed@resto, mode:BACK
2026-04-04 09:36:58, SELF, v:1, k:ed@resto, self:1, rate:100, problem:1
2026-04-04 09:37:37, SELF, v:1, k:ed@triangulo, self:1, rate:100, study:180, concept:1, problem:1, code:1, debug:1, refactor:1
2026-04-04 19:15:34, MOVE, v:1, k:ed@vetequals, mode:DOWN
2026-04-04 19:15:39, MOVE, v:1, k:ed@vetequals, mode:PICK
2026-04-04 19:32:50, EXEC, v:1, k:ed@vetequals, mode:FULL, rate:0, size:56
2026-04-04 19:34:28, EXEC, v:1, k:ed@vetequals, mode:FULL, size:63, fail:COMP
2026-04-04 19:35:43, EXEC, v:1, k:ed@vetequals, mode:FULL, rate:0, size:66
2026-04-04 19:38:04, EXEC, v:1, k:ed@vetequals, mode:FULL, rate:20, size:62
2026-04-04 19:38:25, EXEC, v:1, k:ed@vetequals, mode:FULL, size:62, fail:COMP
2026-04-04 19:38:48, EXEC, v:1, k:ed@vetequals, mode:FULL, rate:20, size:62
2026-04-04 19:39:11, EXEC, v:1, k:ed@vetequals, mode:FULL, rate:20, size:66
2026-04-04 19:39:25, EXEC, v:1, k:ed@vetequals, mode:FULL, rate:20, size:66
2026-04-04 19:39:43, EXEC, v:1, k:ed@vetequals, mode:FULL, rate:20, size:66
2026-04-04 19:40:24, EXEC, v:1, k:ed@vetequals, mode:FULL, rate:10, size:64
2026-04-04 19:42:27, EXEC, v:1, k:ed@vetequals, mode:FULL, rate:10
2026-04-04 19:42:40, EXEC, v:1, k:ed@vetequals, mode:FULL, rate:20, size:64
2026-04-04 19:43:33, EXEC, v:1, k:ed@vetequals, mode:FULL, rate:20, size:67
2026-04-04 19:43:41, EXEC, v:1, k:ed@vetequals, mode:FULL, rate:20, size:64
2026-04-04 19:43:58, EXEC, v:1, k:ed@vetequals, mode:FULL, rate:100, size:64
2026-04-04 19:44:04, MOVE, v:1, k:ed@vetequals, mode:BACK
2026-04-04 19:44:22, MOVE, v:1, k:ed@labirinto, mode:DOWN
2026-04-04 19:44:27, MOVE, v:1, k:ed@labirinto, mode:PICK
