2026-06-01 12:28:27, MOVE, v:1, k:ed@n_rainhas, mode:PICK
2026-06-01 13:06:00, MOVE, v:1, k:ed@n_rainhas, mode:BACK
2026-06-01 20:06:27, MOVE, v:1, k:ed@n_rainhas, mode:EDIT
2026-06-01 20:11:07, MOVE, v:1, k:ed@n_rainhas, mode:EDIT
2026-06-01 20:14:51, MOVE, v:1, k:ed@n_rainhas, mode:EDIT
2026-06-01 20:20:45, MOVE, v:1, k:ed@n_rainhas, mode:EDIT
2026-06-01 20:28:32, MOVE, v:1, k:ed@n_rainhas, mode:PICK
2026-06-01 20:28:36, EXEC, v:1, k:ed@n_rainhas, mode:FULL, size:64, fail:COMP
2026-06-01 20:29:48, EXEC, v:1, k:ed@n_rainhas, mode:FULL, rate:8, size:64
2026-06-01 20:29:44, MOVE, v:1, k:ed@n_rainhas, mode:EDIT
2026-06-01 20:31:51, EXEC, v:1, k:ed@n_rainhas, mode:FULL, rate:8, size:64
2026-06-01 20:32:30, EXEC, v:1, k:ed@n_rainhas, mode:FULL, rate:8, size:64
2026-06-01 20:33:11, EXEC, v:1, k:ed@n_rainhas, mode:FULL, rate:8, size:65
2026-06-01 20:33:27, EXEC, v:1, k:ed@n_rainhas, mode:FULL, rate:8, size:65
2026-06-01 20:34:47, EXEC, v:1, k:ed@n_rainhas, mode:FULL, rate:100, size:65
2026-06-01 20:34:49, MOVE, v:1, k:ed@n_rainhas, mode:BACK
2026-06-01 20:35:47, SELF, v:1, k:ed@n_rainhas, self:1, rate:100, study:240, guided:1, concept:1, problem:1, debug:1
2026-06-01 20:36:04, SELF, v:1, k:ed@n_rainhas, self:1, rate:100, study:240, guided:1, concept:1, problem:1, code:1, debug:1
2026-06-01 20:36:19, SELF, v:1, k:ed@n_rainhas, self:1, rate:100, study:240, guided:1, concept:1, problem:1, code:1
2026-06-01 20:36:22, MOVE, v:1, k:ed@n_rainhas, mode:PICK
2026-06-01 20:36:23, MOVE, v:1, k:ed@n_rainhas, mode:BACK
2026-06-01 20:36:31, SELF, v:1, k:ed@n_rainhas, self:1, rate:100, study:240, guided:1
2026-06-01 20:36:40, SELF, v:1, k:ed@n_rainhas, self:1, rate:100, study:240, guided:1, concept:1, problem:1, code:1
2026-06-01 20:38:50, MOVE, v:1, k:ed@wordsearch, mode:PICK
2026-06-01 21:14:15, MOVE, v:1, k:ed@wordsearch, mode:BACK
2026-06-01 21:17:20, MOVE, v:1, k:ed@wordsearch, mode:PICK
2026-06-01 21:18:17, EXEC, v:1, k:ed@wordsearch, mode:FULL, rate:0, size:71
2026-06-01 21:18:10, MOVE, v:1, k:ed@wordsearch, mode:EDIT
2026-06-01 21:22:09, EXEC, v:1, k:ed@wordsearch, mode:FULL, rate:0, size:72
2026-06-01 21:23:50, EXEC, v:1, k:ed@wordsearch, mode:FULL, rate:0, size:75
2026-06-01 21:24:17, MOVE, v:1, k:ed@wordsearch, mode:EDIT
